<?xml version="1.0"?>
<link_info>
   <banner>TI ARM Linker Unix v16.9.1.LTS</banner>
   <copyright>Copyright (c) 1996-2015 Texas Instruments Incorporated</copyright>
   <link_time>0x5979b5f5</link_time>
   <link_errors>0x0</link_errors>
   <output_file>SAM_subcontroller.out</output_file>
   <entry_point>
      <name>_c_int00</name>
      <address>0x48a5</address>
   </entry_point>
   <input_file_list>
      <input_file id="fl-2">
         <path>./</path>
         <kind>object</kind>
         <file>SAM.obj</file>
         <name>SAM.obj</name>
      </input_file>
      <input_file id="fl-3">
         <path>./</path>
         <kind>object</kind>
         <file>mainSubController.obj</file>
         <name>mainSubController.obj</name>
      </input_file>
      <input_file id="fl-4">
         <path>./</path>
         <kind>object</kind>
         <file>myFIFO.obj</file>
         <name>myFIFO.obj</name>
      </input_file>
      <input_file id="fl-5">
         <path>./</path>
         <kind>object</kind>
         <file>myIO.obj</file>
         <name>myIO.obj</name>
      </input_file>
      <input_file id="fl-6">
         <path>./</path>
         <kind>object</kind>
         <file>myRS485.obj</file>
         <name>myRS485.obj</name>
      </input_file>
      <input_file id="fl-7">
         <path>./</path>
         <kind>object</kind>
         <file>mySerial.obj</file>
         <name>mySerial.obj</name>
      </input_file>
      <input_file id="fl-8">
         <path>./</path>
         <kind>object</kind>
         <file>myTimer.obj</file>
         <name>myTimer.obj</name>
      </input_file>
      <input_file id="fl-9">
         <path>./</path>
         <kind>object</kind>
         <file>numManipulate.obj</file>
         <name>numManipulate.obj</name>
      </input_file>
      <input_file id="fl-a">
         <path>./</path>
         <kind>object</kind>
         <file>ringbuf.obj</file>
         <name>ringbuf.obj</name>
      </input_file>
      <input_file id="fl-b">
         <path>./</path>
         <kind>object</kind>
         <file>serial.obj</file>
         <name>serial.obj</name>
      </input_file>
      <input_file id="fl-c">
         <path>./</path>
         <kind>object</kind>
         <file>tm4c123gh6pm_startup_ccs.obj</file>
         <name>tm4c123gh6pm_startup_ccs.obj</name>
      </input_file>
      <input_file id="fl-12">
         <path>/opt/ti/TivaWare_C_Series-2.1.0.12573/driverlib/ccs/Debug/</path>
         <kind>archive</kind>
         <file>driverlib.lib</file>
         <name>uart.obj</name>
      </input_file>
      <input_file id="fl-13">
         <path>/opt/ti/TivaWare_C_Series-2.1.0.12573/driverlib/ccs/Debug/</path>
         <kind>archive</kind>
         <file>driverlib.lib</file>
         <name>timer.obj</name>
      </input_file>
      <input_file id="fl-14">
         <path>/opt/ti/TivaWare_C_Series-2.1.0.12573/driverlib/ccs/Debug/</path>
         <kind>archive</kind>
         <file>driverlib.lib</file>
         <name>systick.obj</name>
      </input_file>
      <input_file id="fl-15">
         <path>/opt/ti/TivaWare_C_Series-2.1.0.12573/driverlib/ccs/Debug/</path>
         <kind>archive</kind>
         <file>driverlib.lib</file>
         <name>sysctl.obj</name>
      </input_file>
      <input_file id="fl-16">
         <path>/opt/ti/TivaWare_C_Series-2.1.0.12573/driverlib/ccs/Debug/</path>
         <kind>archive</kind>
         <file>driverlib.lib</file>
         <name>interrupt.obj</name>
      </input_file>
      <input_file id="fl-17">
         <path>/opt/ti/TivaWare_C_Series-2.1.0.12573/driverlib/ccs/Debug/</path>
         <kind>archive</kind>
         <file>driverlib.lib</file>
         <name>gpio.obj</name>
      </input_file>
      <input_file id="fl-18">
         <path>/opt/ti/TivaWare_C_Series-2.1.0.12573/driverlib/ccs/Debug/</path>
         <kind>archive</kind>
         <file>driverlib.lib</file>
         <name>cpu.obj</name>
      </input_file>
      <input_file id="fl-ce">
         <path>/opt/ti/ccs710/ccsv7/tools/compiler/ti-cgt-arm_16.9.1.LTS/lib/</path>
         <kind>archive</kind>
         <file>rtsv7M4_T_le_v4SPD16_eabi.lib</file>
         <name>atof.obj</name>
      </input_file>
      <input_file id="fl-cf">
         <path>/opt/ti/ccs710/ccsv7/tools/compiler/ti-cgt-arm_16.9.1.LTS/lib/</path>
         <kind>archive</kind>
         <file>rtsv7M4_T_le_v4SPD16_eabi.lib</file>
         <name>atoi.obj</name>
      </input_file>
      <input_file id="fl-d0">
         <path>/opt/ti/ccs710/ccsv7/tools/compiler/ti-cgt-arm_16.9.1.LTS/lib/</path>
         <kind>archive</kind>
         <file>rtsv7M4_T_le_v4SPD16_eabi.lib</file>
         <name>boot.obj</name>
      </input_file>
      <input_file id="fl-d1">
         <path>/opt/ti/ccs710/ccsv7/tools/compiler/ti-cgt-arm_16.9.1.LTS/lib/</path>
         <kind>archive</kind>
         <file>rtsv7M4_T_le_v4SPD16_eabi.lib</file>
         <name>copy_decompress_lzss.obj</name>
      </input_file>
      <input_file id="fl-d2">
         <path>/opt/ti/ccs710/ccsv7/tools/compiler/ti-cgt-arm_16.9.1.LTS/lib/</path>
         <kind>archive</kind>
         <file>rtsv7M4_T_le_v4SPD16_eabi.lib</file>
         <name>copy_decompress_none.obj</name>
      </input_file>
      <input_file id="fl-d3">
         <path>/opt/ti/ccs710/ccsv7/tools/compiler/ti-cgt-arm_16.9.1.LTS/lib/</path>
         <kind>archive</kind>
         <file>rtsv7M4_T_le_v4SPD16_eabi.lib</file>
         <name>copy_zero_init.obj</name>
      </input_file>
      <input_file id="fl-d4">
         <path>/opt/ti/ccs710/ccsv7/tools/compiler/ti-cgt-arm_16.9.1.LTS/lib/</path>
         <kind>archive</kind>
         <file>rtsv7M4_T_le_v4SPD16_eabi.lib</file>
         <name>ctype.obj</name>
      </input_file>
      <input_file id="fl-d5">
         <path>/opt/ti/ccs710/ccsv7/tools/compiler/ti-cgt-arm_16.9.1.LTS/lib/</path>
         <kind>archive</kind>
         <file>rtsv7M4_T_le_v4SPD16_eabi.lib</file>
         <name>exit.obj</name>
      </input_file>
      <input_file id="fl-d6">
         <path>/opt/ti/ccs710/ccsv7/tools/compiler/ti-cgt-arm_16.9.1.LTS/lib/</path>
         <kind>archive</kind>
         <file>rtsv7M4_T_le_v4SPD16_eabi.lib</file>
         <name>fd_tos_t2.obj</name>
      </input_file>
      <input_file id="fl-d7">
         <path>/opt/ti/ccs710/ccsv7/tools/compiler/ti-cgt-arm_16.9.1.LTS/lib/</path>
         <kind>archive</kind>
         <file>rtsv7M4_T_le_v4SPD16_eabi.lib</file>
         <name>isdigit.obj</name>
      </input_file>
      <input_file id="fl-d8">
         <path>/opt/ti/ccs710/ccsv7/tools/compiler/ti-cgt-arm_16.9.1.LTS/lib/</path>
         <kind>archive</kind>
         <file>rtsv7M4_T_le_v4SPD16_eabi.lib</file>
         <name>memcpy_t2.obj</name>
      </input_file>
      <input_file id="fl-d9">
         <path>/opt/ti/ccs710/ccsv7/tools/compiler/ti-cgt-arm_16.9.1.LTS/lib/</path>
         <kind>archive</kind>
         <file>rtsv7M4_T_le_v4SPD16_eabi.lib</file>
         <name>memset_t2.obj</name>
      </input_file>
      <input_file id="fl-da">
         <path>/opt/ti/ccs710/ccsv7/tools/compiler/ti-cgt-arm_16.9.1.LTS/lib/</path>
         <kind>archive</kind>
         <file>rtsv7M4_T_le_v4SPD16_eabi.lib</file>
         <name>mpu_init.obj</name>
      </input_file>
      <input_file id="fl-db">
         <path>/opt/ti/ccs710/ccsv7/tools/compiler/ti-cgt-arm_16.9.1.LTS/lib/</path>
         <kind>archive</kind>
         <file>rtsv7M4_T_le_v4SPD16_eabi.lib</file>
         <name>pre_init.obj</name>
      </input_file>
      <input_file id="fl-dc">
         <path>/opt/ti/ccs710/ccsv7/tools/compiler/ti-cgt-arm_16.9.1.LTS/lib/</path>
         <kind>archive</kind>
         <file>rtsv7M4_T_le_v4SPD16_eabi.lib</file>
         <name>stkdepth_vars.obj</name>
      </input_file>
      <input_file id="fl-dd">
         <path>/opt/ti/ccs710/ccsv7/tools/compiler/ti-cgt-arm_16.9.1.LTS/lib/</path>
         <kind>archive</kind>
         <file>rtsv7M4_T_le_v4SPD16_eabi.lib</file>
         <name>strtod.obj</name>
      </input_file>
      <input_file id="fl-de">
         <path>/opt/ti/ccs710/ccsv7/tools/compiler/ti-cgt-arm_16.9.1.LTS/lib/</path>
         <kind>archive</kind>
         <file>rtsv7M4_T_le_v4SPD16_eabi.lib</file>
         <name>_lock.obj</name>
      </input_file>
      <input_file id="fl-df">
         <path>/opt/ti/ccs710/ccsv7/tools/compiler/ti-cgt-arm_16.9.1.LTS/lib/</path>
         <kind>archive</kind>
         <file>rtsv7M4_T_le_v4SPD16_eabi.lib</file>
         <name>args_main.obj</name>
      </input_file>
      <input_file id="fl-e0">
         <path>/opt/ti/ccs710/ccsv7/tools/compiler/ti-cgt-arm_16.9.1.LTS/lib/</path>
         <kind>archive</kind>
         <file>rtsv7M4_T_le_v4SPD16_eabi.lib</file>
         <name>autoinit.obj</name>
      </input_file>
      <input_file id="fl-e1">
         <path>/opt/ti/ccs710/ccsv7/tools/compiler/ti-cgt-arm_16.9.1.LTS/lib/</path>
         <kind>archive</kind>
         <file>rtsv7M4_T_le_v4SPD16_eabi.lib</file>
         <name>cpy_tbl.obj</name>
      </input_file>
      <input_file id="fl-e2">
         <path>/opt/ti/ccs710/ccsv7/tools/compiler/ti-cgt-arm_16.9.1.LTS/lib/</path>
         <kind>archive</kind>
         <file>rtsv7M4_T_le_v4SPD16_eabi.lib</file>
         <name>errno.obj</name>
      </input_file>
      <input_file id="fl-e3">
         <path>/opt/ti/ccs710/ccsv7/tools/compiler/ti-cgt-arm_16.9.1.LTS/lib/</path>
         <kind>archive</kind>
         <file>rtsv7M4_T_le_v4SPD16_eabi.lib</file>
         <name>fd_add_t2.obj</name>
      </input_file>
      <input_file id="fl-e4">
         <path>/opt/ti/ccs710/ccsv7/tools/compiler/ti-cgt-arm_16.9.1.LTS/lib/</path>
         <kind>archive</kind>
         <file>rtsv7M4_T_le_v4SPD16_eabi.lib</file>
         <name>fd_cmp_t2.obj</name>
      </input_file>
      <input_file id="fl-e5">
         <path>/opt/ti/ccs710/ccsv7/tools/compiler/ti-cgt-arm_16.9.1.LTS/lib/</path>
         <kind>archive</kind>
         <file>rtsv7M4_T_le_v4SPD16_eabi.lib</file>
         <name>fd_div_t2.obj</name>
      </input_file>
      <input_file id="fl-e6">
         <path>/opt/ti/ccs710/ccsv7/tools/compiler/ti-cgt-arm_16.9.1.LTS/lib/</path>
         <kind>archive</kind>
         <file>rtsv7M4_T_le_v4SPD16_eabi.lib</file>
         <name>fd_mul_t2.obj</name>
      </input_file>
      <input_file id="fl-e7">
         <path>/opt/ti/ccs710/ccsv7/tools/compiler/ti-cgt-arm_16.9.1.LTS/lib/</path>
         <kind>archive</kind>
         <file>rtsv7M4_T_le_v4SPD16_eabi.lib</file>
         <name>startup.obj</name>
      </input_file>
   </input_file_list>
   <object_component_list>
      <object_component id="oc-f">
         <name>.intvecs</name>
         <load_address>0x0</load_address>
         <run_address>0x0</run_address>
         <size>0x26c</size>
         <input_file_ref idref="fl-c"/>
      </object_component>
      <object_component id="oc-1a7">
         <name>.text</name>
         <load_address>0x26c</load_address>
         <run_address>0x26c</run_address>
         <size>0x1ad4</size>
         <input_file_ref idref="fl-3"/>
      </object_component>
      <object_component id="oc-3d">
         <name>.text</name>
         <load_address>0x1d40</load_address>
         <run_address>0x1d40</run_address>
         <size>0xad4</size>
         <input_file_ref idref="fl-6"/>
      </object_component>
      <object_component id="oc-25f">
         <name>.text</name>
         <load_address>0x2814</load_address>
         <run_address>0x2814</run_address>
         <size>0x6f0</size>
         <input_file_ref idref="fl-2"/>
      </object_component>
      <object_component id="oc-43">
         <name>.text</name>
         <load_address>0x2f04</load_address>
         <run_address>0x2f04</run_address>
         <size>0x42c</size>
         <input_file_ref idref="fl-7"/>
      </object_component>
      <object_component id="oc-267">
         <name>.text</name>
         <load_address>0x3330</load_address>
         <run_address>0x3330</run_address>
         <size>0x390</size>
         <input_file_ref idref="fl-9"/>
      </object_component>
      <object_component id="oc-2d8">
         <name>.text</name>
         <load_address>0x36c0</load_address>
         <run_address>0x36c0</run_address>
         <size>0x23c</size>
         <input_file_ref idref="fl-dd"/>
      </object_component>
      <object_component id="oc-37">
         <name>.text</name>
         <load_address>0x38fc</load_address>
         <run_address>0x38fc</run_address>
         <size>0x224</size>
         <input_file_ref idref="fl-b"/>
      </object_component>
      <object_component id="oc-31">
         <name>.text</name>
         <load_address>0x3b20</load_address>
         <run_address>0x3b20</run_address>
         <size>0x1fc</size>
         <input_file_ref idref="fl-8"/>
      </object_component>
      <object_component id="oc-2ea">
         <name>.text</name>
         <load_address>0x3d1c</load_address>
         <run_address>0x3d1c</run_address>
         <size>0x1b6</size>
         <input_file_ref idref="fl-e3"/>
      </object_component>
      <object_component id="oc-2f4">
         <name>.text</name>
         <load_address>0x3ed2</load_address>
         <run_address>0x3ed2</run_address>
         <size>0x136</size>
         <input_file_ref idref="fl-e5"/>
      </object_component>
      <object_component id="oc-21f">
         <name>.text:GPIOPadConfigSet</name>
         <load_address>0x4008</load_address>
         <run_address>0x4008</run_address>
         <size>0x130</size>
         <input_file_ref idref="fl-17"/>
      </object_component>
      <object_component id="oc-92">
         <name>.text:SysCtlClockGet</name>
         <load_address>0x4138</load_address>
         <run_address>0x4138</run_address>
         <size>0x118</size>
         <input_file_ref idref="fl-15"/>
      </object_component>
      <object_component id="oc-2e5">
         <name>.text</name>
         <load_address>0x4250</load_address>
         <run_address>0x4250</run_address>
         <size>0xfc</size>
         <input_file_ref idref="fl-e6"/>
      </object_component>
      <object_component id="oc-258">
         <name>.text:SysCtlClockSet</name>
         <load_address>0x434c</load_address>
         <run_address>0x434c</run_address>
         <size>0xf0</size>
         <input_file_ref idref="fl-15"/>
      </object_component>
      <object_component id="oc-e0">
         <name>.text</name>
         <load_address>0x443c</load_address>
         <run_address>0x443c</run_address>
         <size>0xc8</size>
         <input_file_ref idref="fl-5"/>
      </object_component>
      <object_component id="oc-57">
         <name>.text</name>
         <load_address>0x4504</load_address>
         <run_address>0x4504</run_address>
         <size>0x9c</size>
         <input_file_ref idref="fl-d8"/>
      </object_component>
      <object_component id="oc-2ef">
         <name>.text:__aeabi_cdcmple</name>
         <load_address>0x45a0</load_address>
         <run_address>0x45a0</run_address>
         <size>0x86</size>
         <input_file_ref idref="fl-e4"/>
      </object_component>
      <object_component id="oc-63">
         <name>.text</name>
         <load_address>0x4626</load_address>
         <run_address>0x4626</run_address>
         <size>0x7a</size>
         <input_file_ref idref="fl-d9"/>
      </object_component>
      <object_component id="oc-7b">
         <name>.text</name>
         <load_address>0x46a0</load_address>
         <run_address>0x46a0</run_address>
         <size>0x70</size>
         <input_file_ref idref="fl-e0"/>
      </object_component>
      <object_component id="oc-2c8">
         <name>.text</name>
         <load_address>0x4710</load_address>
         <run_address>0x4710</run_address>
         <size>0x6e</size>
         <input_file_ref idref="fl-d6"/>
      </object_component>
      <object_component id="oc-12">
         <name>.text:decompress:lzss</name>
         <load_address>0x477e</load_address>
         <run_address>0x477e</run_address>
         <size>0x68</size>
         <input_file_ref idref="fl-d1"/>
      </object_component>
      <object_component id="oc-6f">
         <name>.text</name>
         <load_address>0x47e6</load_address>
         <run_address>0x47e6</run_address>
         <size>0x2</size>
         <input_file_ref idref="fl-da"/>
      </object_component>
      <object_component id="oc-c2">
         <name>.text:IntEnable</name>
         <load_address>0x47e8</load_address>
         <run_address>0x47e8</run_address>
         <size>0x60</size>
         <input_file_ref idref="fl-16"/>
      </object_component>
      <object_component id="oc-b0">
         <name>.text:TimerConfigure</name>
         <load_address>0x4848</load_address>
         <run_address>0x4848</run_address>
         <size>0x5c</size>
         <input_file_ref idref="fl-13"/>
      </object_component>
      <object_component id="oc-24">
         <name>.text</name>
         <load_address>0x48a4</load_address>
         <run_address>0x48a4</run_address>
         <size>0x54</size>
         <input_file_ref idref="fl-d0"/>
      </object_component>
      <object_component id="oc-87">
         <name>.text</name>
         <load_address>0x48f8</load_address>
         <run_address>0x48f8</run_address>
         <size>0x54</size>
         <input_file_ref idref="fl-d5"/>
      </object_component>
      <object_component id="oc-101">
         <name>.text</name>
         <load_address>0x494c</load_address>
         <run_address>0x494c</run_address>
         <size>0x4c</size>
         <input_file_ref idref="fl-cf"/>
      </object_component>
      <object_component id="oc-199">
         <name>.text</name>
         <load_address>0x4998</load_address>
         <run_address>0x4998</run_address>
         <size>0x4c</size>
         <input_file_ref idref="fl-e1"/>
      </object_component>
      <object_component id="oc-113">
         <name>.text:GPIOPinConfigure</name>
         <load_address>0x49e4</load_address>
         <run_address>0x49e4</run_address>
         <size>0x48</size>
         <input_file_ref idref="fl-17"/>
      </object_component>
      <object_component id="oc-11f">
         <name>.text:UARTConfigSetExpClk</name>
         <load_address>0x4a2c</load_address>
         <run_address>0x4a2c</run_address>
         <size>0x40</size>
         <input_file_ref idref="fl-12"/>
      </object_component>
      <object_component id="oc-aa">
         <name>.text:SysCtlPeripheralEnable</name>
         <load_address>0x4a6c</load_address>
         <run_address>0x4a6c</run_address>
         <size>0x34</size>
         <input_file_ref idref="fl-15"/>
      </object_component>
      <object_component id="oc-219">
         <name>.text:GPIODirModeSet</name>
         <load_address>0x4aa0</load_address>
         <run_address>0x4aa0</run_address>
         <size>0x2a</size>
         <input_file_ref idref="fl-17"/>
      </object_component>
      <object_component id="oc-19f">
         <name>.text</name>
         <load_address>0x4aca</load_address>
         <run_address>0x4aca</run_address>
         <size>0x2</size>
         <input_file_ref idref="fl-e7"/>
      </object_component>
      <object_component id="oc-c8">
         <name>.text:IntPrioritySet</name>
         <load_address>0x4acc</load_address>
         <run_address>0x4acc</run_address>
         <size>0x24</size>
         <input_file_ref idref="fl-16"/>
      </object_component>
      <object_component id="oc-226">
         <name>.text:UARTDisable</name>
         <load_address>0x4af0</load_address>
         <run_address>0x4af0</run_address>
         <size>0x1c</size>
         <input_file_ref idref="fl-12"/>
      </object_component>
      <object_component id="oc-158">
         <name>.text:GPIOPinTypeGPIOOutput</name>
         <load_address>0x4b0c</load_address>
         <run_address>0x4b0c</run_address>
         <size>0x18</size>
         <input_file_ref idref="fl-17"/>
      </object_component>
      <object_component id="oc-81">
         <name>.text</name>
         <load_address>0x4b24</load_address>
         <run_address>0x4b24</run_address>
         <size>0x18</size>
         <input_file_ref idref="fl-df"/>
      </object_component>
      <object_component id="oc-a4">
         <name>.text:SysTickEnable</name>
         <load_address>0x4b3c</load_address>
         <run_address>0x4b3c</run_address>
         <size>0x14</size>
         <input_file_ref idref="fl-14"/>
      </object_component>
      <object_component id="oc-9e">
         <name>.text:SysTickIntEnable</name>
         <load_address>0x4b50</load_address>
         <run_address>0x4b50</run_address>
         <size>0x14</size>
         <input_file_ref idref="fl-14"/>
      </object_component>
      <object_component id="oc-146">
         <name>.text:UARTEnable</name>
         <load_address>0x4b64</load_address>
         <run_address>0x4b64</run_address>
         <size>0x14</size>
         <input_file_ref idref="fl-12"/>
      </object_component>
      <object_component id="oc-27a">
         <name>.text</name>
         <load_address>0x4b78</load_address>
         <run_address>0x4b78</run_address>
         <size>0x14</size>
         <input_file_ref idref="fl-de"/>
      </object_component>
      <object_component id="oc-119">
         <name>.text:GPIOPinTypeUART</name>
         <load_address>0x4b8c</load_address>
         <run_address>0x4b8c</run_address>
         <size>0x12</size>
         <input_file_ref idref="fl-17"/>
      </object_component>
      <object_component id="oc-b6">
         <name>.text:TimerLoadSet</name>
         <load_address>0x4b9e</load_address>
         <run_address>0x4b9e</run_address>
         <size>0x12</size>
         <input_file_ref idref="fl-13"/>
      </object_component>
      <object_component id="oc-2c2">
         <name>.text</name>
         <load_address>0x4bb0</load_address>
         <run_address>0x4bb0</run_address>
         <size>0x12</size>
         <input_file_ref idref="fl-ce"/>
      </object_component>
      <object_component id="oc-98">
         <name>.text:SysTickPeriodSet</name>
         <load_address>0x4bc4</load_address>
         <run_address>0x4bc4</run_address>
         <size>0x10</size>
         <input_file_ref idref="fl-14"/>
      </object_component>
      <object_component id="oc-2bc">
         <name>.text</name>
         <load_address>0x4bd4</load_address>
         <run_address>0x4bd4</run_address>
         <size>0x10</size>
         <input_file_ref idref="fl-d7"/>
      </object_component>
      <object_component id="oc-d4">
         <name>.text:TimerEnable</name>
         <load_address>0x4be4</load_address>
         <run_address>0x4be4</run_address>
         <size>0xe</size>
         <input_file_ref idref="fl-13"/>
      </object_component>
      <object_component id="oc-18">
         <name>.text:decompress:none</name>
         <load_address>0x4bf2</load_address>
         <run_address>0x4bf2</run_address>
         <size>0xe</size>
         <input_file_ref idref="fl-d2"/>
      </object_component>
      <object_component id="oc-1cc">
         <name>.text:CPUcpsie</name>
         <load_address>0x4c00</load_address>
         <run_address>0x4c00</run_address>
         <size>0xc</size>
         <input_file_ref idref="fl-18"/>
      </object_component>
      <object_component id="oc-164">
         <name>.text:UARTCharsAvail</name>
         <load_address>0x4c0c</load_address>
         <run_address>0x4c0c</run_address>
         <size>0xc</size>
         <input_file_ref idref="fl-12"/>
      </object_component>
      <object_component id="oc-152">
         <name>.text:UARTTxIntModeSet</name>
         <load_address>0x4c18</load_address>
         <run_address>0x4c18</run_address>
         <size>0xc</size>
         <input_file_ref idref="fl-12"/>
      </object_component>
      <object_component id="oc-1e">
         <name>.text:decompress:ZI</name>
         <load_address>0x4c24</load_address>
         <run_address>0x4c24</run_address>
         <size>0xc</size>
         <input_file_ref idref="fl-d3"/>
      </object_component>
      <object_component id="oc-2b">
         <name>.text</name>
         <load_address>0x4c30</load_address>
         <run_address>0x4c30</run_address>
         <size>0xc</size>
         <input_file_ref idref="fl-c"/>
      </object_component>
      <object_component id="oc-bc">
         <name>.text:IntMasterEnable</name>
         <load_address>0x4c3c</load_address>
         <run_address>0x4c3c</run_address>
         <size>0xa</size>
         <input_file_ref idref="fl-16"/>
      </object_component>
      <object_component id="oc-e6">
         <name>.text:TimerValueGet</name>
         <load_address>0x4c46</load_address>
         <run_address>0x4c46</run_address>
         <size>0xa</size>
         <input_file_ref idref="fl-13"/>
      </object_component>
      <object_component id="oc-137">
         <name>.text:UARTCharGet</name>
         <load_address>0x4c50</load_address>
         <run_address>0x4c50</run_address>
         <size>0xa</size>
         <input_file_ref idref="fl-12"/>
      </object_component>
      <object_component id="oc-131">
         <name>.text:UARTCharPut</name>
         <load_address>0x4c5a</load_address>
         <run_address>0x4c5a</run_address>
         <size>0xa</size>
         <input_file_ref idref="fl-12"/>
      </object_component>
      <object_component id="oc-14c">
         <name>.text:UARTFIFOEnable</name>
         <load_address>0x4c64</load_address>
         <run_address>0x4c64</run_address>
         <size>0xa</size>
         <input_file_ref idref="fl-12"/>
      </object_component>
      <object_component id="oc-107">
         <name>.text:UARTIntStatus</name>
         <load_address>0x4c6e</load_address>
         <run_address>0x4c6e</run_address>
         <size>0xa</size>
         <input_file_ref idref="fl-12"/>
      </object_component>
      <object_component id="oc-ce">
         <name>.text:TimerIntEnable</name>
         <load_address>0x4c78</load_address>
         <run_address>0x4c78</run_address>
         <size>0x8</size>
         <input_file_ref idref="fl-13"/>
      </object_component>
      <object_component id="oc-12b">
         <name>.text:UARTIntEnable</name>
         <load_address>0x4c80</load_address>
         <run_address>0x4c80</run_address>
         <size>0x8</size>
         <input_file_ref idref="fl-12"/>
      </object_component>
      <object_component id="oc-1e4">
         <name>.text:GPIOPinRead</name>
         <load_address>0x4c88</load_address>
         <run_address>0x4c88</run_address>
         <size>0x6</size>
         <input_file_ref idref="fl-17"/>
      </object_component>
      <object_component id="oc-15e">
         <name>.text:GPIOPinWrite</name>
         <load_address>0x4c8e</load_address>
         <run_address>0x4c8e</run_address>
         <size>0x6</size>
         <input_file_ref idref="fl-17"/>
      </object_component>
      <object_component id="oc-25e">
         <name>.text:SysCtlDelay</name>
         <load_address>0x4c94</load_address>
         <run_address>0x4c94</run_address>
         <size>0x6</size>
         <input_file_ref idref="fl-15"/>
      </object_component>
      <object_component id="oc-125">
         <name>.text:UARTFIFOLevelSet</name>
         <load_address>0x4c9a</load_address>
         <run_address>0x4c9a</run_address>
         <size>0x6</size>
         <input_file_ref idref="fl-12"/>
      </object_component>
      <object_component id="oc-da">
         <name>.text:TimerIntClear</name>
         <load_address>0x4ca0</load_address>
         <run_address>0x4ca0</run_address>
         <size>0x4</size>
         <input_file_ref idref="fl-13"/>
      </object_component>
      <object_component id="oc-10d">
         <name>.text:UARTIntClear</name>
         <load_address>0x4ca4</load_address>
         <run_address>0x4ca4</run_address>
         <size>0x4</size>
         <input_file_ref idref="fl-12"/>
      </object_component>
      <object_component id="oc-75">
         <name>.text</name>
         <load_address>0x4ca8</load_address>
         <run_address>0x4ca8</run_address>
         <size>0x4</size>
         <input_file_ref idref="fl-db"/>
      </object_component>
      <object_component id="oc-20c">
         <name>.const:.string:_ctypes_</name>
         <load_address>0x4cb0</load_address>
         <run_address>0x4cb0</run_address>
         <size>0x101</size>
         <input_file_ref idref="fl-d4"/>
      </object_component>
      <object_component id="oc-1dd">
         <name>.const:g_pui32Regs</name>
         <load_address>0x4db4</load_address>
         <run_address>0x4db4</run_address>
         <size>0x9c</size>
         <input_file_ref idref="fl-16"/>
      </object_component>
      <object_component id="oc-2f9">
         <name>.const:$O1$$</name>
         <load_address>0x4e50</load_address>
         <run_address>0x4e50</run_address>
         <size>0x98</size>
         <input_file_ref idref="fl-dd"/>
      </object_component>
      <object_component id="oc-214">
         <name>.const:g_pui32GPIOBaseAddrs</name>
         <load_address>0x4ee8</load_address>
         <run_address>0x4ee8</run_address>
         <size>0x90</size>
         <input_file_ref idref="fl-17"/>
      </object_component>
      <object_component id="oc-1d8">
         <name>.const</name>
         <load_address>0x4f78</load_address>
         <run_address>0x4f78</run_address>
         <size>0x70</size>
         <input_file_ref idref="fl-16"/>
      </object_component>
      <object_component id="oc-1ba">
         <name>.const:g_pui32Xtals</name>
         <load_address>0x4fe8</load_address>
         <run_address>0x4fe8</run_address>
         <size>0x6c</size>
         <input_file_ref idref="fl-15"/>
      </object_component>
      <object_component id="oc-32f">
         <name>.cinit..data.load</name>
         <load_address>0x5058</load_address>
         <run_address>0x5058</run_address>
         <size>0x15</size>
      </object_component>
      <object_component id="oc-32d">
         <name>__TI_handler_table</name>
         <load_address>0x5070</load_address>
         <run_address>0x5070</run_address>
         <size>0xc</size>
      </object_component>
      <object_component id="oc-330">
         <name>.cinit..bss.load</name>
         <load_address>0x5080</load_address>
         <run_address>0x5080</run_address>
         <size>0x8</size>
      </object_component>
      <object_component id="oc-32e">
         <name>__TI_cinit_table</name>
         <load_address>0x5088</load_address>
         <run_address>0x5088</run_address>
         <size>0x10</size>
      </object_component>
      <object_component id="oc-26d">
         <name>.data</name>
         <load_address>0x2000051a</load_address>
         <run_address>0x2000051a</run_address>
         <size>0x1</size>
         <input_file_ref idref="fl-3"/>
      </object_component>
      <object_component id="oc-f8">
         <name>.data</name>
         <load_address>0x20000500</load_address>
         <run_address>0x20000500</run_address>
         <size>0x1a</size>
         <input_file_ref idref="fl-8"/>
      </object_component>
      <object_component id="oc-1af">
         <name>.data:$O1$$</name>
         <load_address>0x2000051c</load_address>
         <run_address>0x2000051c</run_address>
         <size>0xc</size>
         <input_file_ref idref="fl-d5"/>
      </object_component>
      <object_component id="oc-8d">
         <name>.data</name>
         <load_address>0x20000534</load_address>
         <run_address>0x20000534</run_address>
         <size>0x4</size>
         <input_file_ref idref="fl-dc"/>
      </object_component>
      <object_component id="oc-1b2">
         <name>.data:$O1$$</name>
         <load_address>0x20000528</load_address>
         <run_address>0x20000528</run_address>
         <size>0x8</size>
         <input_file_ref idref="fl-de"/>
      </object_component>
      <object_component id="oc-2fc">
         <name>.data</name>
         <load_address>0x20000530</load_address>
         <run_address>0x20000530</run_address>
         <size>0x4</size>
         <input_file_ref idref="fl-e2"/>
      </object_component>
      <object_component id="oc-265">
         <name>.common:sam1</name>
         <uninitialized>true</uninitialized>
         <run_address>0x200002e0</run_address>
         <size>0x10</size>
      </object_component>
      <object_component id="oc-16d">
         <name>.common:samPosition12</name>
         <uninitialized>true</uninitialized>
         <run_address>0x200001c4</run_address>
         <size>0x60</size>
      </object_component>
      <object_component id="oc-171">
         <name>.common:samAverageTorq</name>
         <uninitialized>true</uninitialized>
         <run_address>0x20000164</run_address>
         <size>0x60</size>
      </object_component>
      <object_component id="oc-16c">
         <name>.common:samPosition8</name>
         <uninitialized>true</uninitialized>
         <run_address>0x200002c5</run_address>
         <size>0x18</size>
      </object_component>
      <object_component id="oc-16a">
         <name>.common:samLoad8</name>
         <uninitialized>true</uninitialized>
         <run_address>0x20000295</run_address>
         <size>0x18</size>
      </object_component>
      <object_component id="oc-173">
         <name>.common:samDataAvail</name>
         <uninitialized>true</uninitialized>
         <run_address>0x20000265</run_address>
         <size>0x18</size>
      </object_component>
      <object_component id="oc-16e">
         <name>.common:samP</name>
         <uninitialized>true</uninitialized>
         <run_address>0x200002ad</run_address>
         <size>0x18</size>
      </object_component>
      <object_component id="oc-170">
         <name>.common:samI</name>
         <uninitialized>true</uninitialized>
         <run_address>0x2000027d</run_address>
         <size>0x18</size>
      </object_component>
      <object_component id="oc-16f">
         <name>.common:samD</name>
         <uninitialized>true</uninitialized>
         <run_address>0x2000024d</run_address>
         <size>0x18</size>
      </object_component>
      <object_component id="oc-f2">
         <name>.common:samReadBusy</name>
         <uninitialized>true</uninitialized>
         <run_address>0x200002de</run_address>
         <size>0x1</size>
      </object_component>
      <object_component id="oc-172">
         <name>.common:samReadMode</name>
         <uninitialized>true</uninitialized>
         <run_address>0x200002ff</run_address>
         <size>0x1</size>
      </object_component>
      <object_component id="oc-16b">
         <name>.common:samReadCurrentID_C7</name>
         <uninitialized>true</uninitialized>
         <run_address>0x200002fe</run_address>
         <size>0x1</size>
      </object_component>
      <object_component id="oc-174">
         <name>.common:samReadCurrentID_C6</name>
         <uninitialized>true</uninitialized>
         <run_address>0x200002fd</run_address>
         <size>0x1</size>
      </object_component>
      <object_component id="oc-177">
         <name>.common:samReadCurrentID_C4</name>
         <uninitialized>true</uninitialized>
         <run_address>0x200002fc</run_address>
         <size>0x1</size>
      </object_component>
      <object_component id="oc-178">
         <name>.common:samReadCurrentID_C3</name>
         <uninitialized>true</uninitialized>
         <run_address>0x200002fb</run_address>
         <size>0x1</size>
      </object_component>
      <object_component id="oc-176">
         <name>.common:samReadCurrentID_C2</name>
         <uninitialized>true</uninitialized>
         <run_address>0x200002fa</run_address>
         <size>0x1</size>
      </object_component>
      <object_component id="oc-175">
         <name>.common:samReadCurrentID_C1</name>
         <uninitialized>true</uninitialized>
         <run_address>0x200002df</run_address>
         <size>0x1</size>
      </object_component>
      <object_component id="oc-ef">
         <name>.common:FlagTimer</name>
         <uninitialized>true</uninitialized>
         <run_address>0x200002dd</run_address>
         <size>0x1</size>
      </object_component>
      <object_component id="oc-f5">
         <name>.common:toggle_led</name>
         <uninitialized>true</uninitialized>
         <run_address>0x200002f6</run_address>
         <size>0x4</size>
      </object_component>
      <object_component id="oc-17b">
         <name>.common:serialPC</name>
         <uninitialized>true</uninitialized>
         <run_address>0x20000000</run_address>
         <size>0xcc</size>
      </object_component>
      <object_component id="oc-266">
         <name>.common:dataSendBuffer</name>
         <uninitialized>true</uninitialized>
         <run_address>0x200000cc</run_address>
         <size>0x98</size>
      </object_component>
      <object_component id="oc-ec">
         <name>.common:SysTick_Int_Count</name>
         <uninitialized>true</uninitialized>
         <run_address>0x200002f0</run_address>
         <size>0x6</size>
      </object_component>
      <object_component id="oc-13d">
         <name>.common:Uart</name>
         <uninitialized>true</uninitialized>
         <run_address>0x20000224</run_address>
         <size>0x29</size>
      </object_component>
      <object_component id="oc-2a">
         <name>.stack</name>
         <uninitialized>true</uninitialized>
         <run_address>0x20000300</run_address>
         <size>0x0</size>
         <input_file_ref idref="fl-d0"/>
      </object_component>
      <object_component id="oc-331">
         <name>.stack</name>
         <uninitialized>true</uninitialized>
         <run_address>0x20000300</run_address>
         <size>0x0</size>
      </object_component>
      <object_component id="oc-f3">
         <name>.debug_info</name>
         <load_address>0x0</load_address>
         <run_address>0x0</run_address>
         <size>0x440</size>
         <input_file_ref idref="fl-2"/>
      </object_component>
      <object_component id="oc-260">
         <name>.debug_info</name>
         <load_address>0x440</load_address>
         <run_address>0x440</run_address>
         <size>0xab8</size>
         <input_file_ref idref="fl-2"/>
      </object_component>
      <object_component id="oc-1f8">
         <name>.debug_info</name>
         <load_address>0xef8</load_address>
         <run_address>0xef8</run_address>
         <size>0xea</size>
         <input_file_ref idref="fl-2"/>
      </object_component>
      <object_component id="oc-2a9">
         <name>.debug_info</name>
         <load_address>0xfe2</load_address>
         <run_address>0xfe2</run_address>
         <size>0x86</size>
         <input_file_ref idref="fl-2"/>
      </object_component>
      <object_component id="oc-52">
         <name>.debug_info</name>
         <load_address>0x1068</load_address>
         <run_address>0x1068</run_address>
         <size>0x84</size>
         <input_file_ref idref="fl-2"/>
      </object_component>
      <object_component id="oc-fc">
         <name>.debug_info</name>
         <load_address>0x10ec</load_address>
         <run_address>0x10ec</run_address>
         <size>0x18b</size>
         <input_file_ref idref="fl-2"/>
      </object_component>
      <object_component id="oc-f0">
         <name>.debug_info</name>
         <load_address>0x1277</load_address>
         <run_address>0x1277</run_address>
         <size>0xb60</size>
         <input_file_ref idref="fl-3"/>
      </object_component>
      <object_component id="oc-26e">
         <name>.debug_info</name>
         <load_address>0x1dd7</load_address>
         <run_address>0x1dd7</run_address>
         <size>0xfd</size>
         <input_file_ref idref="fl-3"/>
      </object_component>
      <object_component id="oc-1a8">
         <name>.debug_info</name>
         <load_address>0x1ed4</load_address>
         <run_address>0x1ed4</run_address>
         <size>0x199c</size>
         <input_file_ref idref="fl-3"/>
      </object_component>
      <object_component id="oc-1fd">
         <name>.debug_info</name>
         <load_address>0x3870</load_address>
         <run_address>0x3870</run_address>
         <size>0x9a</size>
         <input_file_ref idref="fl-3"/>
      </object_component>
      <object_component id="oc-1ee">
         <name>.debug_info</name>
         <load_address>0x390a</load_address>
         <run_address>0x390a</run_address>
         <size>0xc3</size>
         <input_file_ref idref="fl-3"/>
      </object_component>
      <object_component id="oc-202">
         <name>.debug_info</name>
         <load_address>0x39cd</load_address>
         <run_address>0x39cd</run_address>
         <size>0x3f</size>
         <input_file_ref idref="fl-3"/>
      </object_component>
      <object_component id="oc-233">
         <name>.debug_info</name>
         <load_address>0x3a0c</load_address>
         <run_address>0x3a0c</run_address>
         <size>0x5e</size>
         <input_file_ref idref="fl-3"/>
      </object_component>
      <object_component id="oc-238">
         <name>.debug_info</name>
         <load_address>0x3a6a</load_address>
         <run_address>0x3a6a</run_address>
         <size>0x88</size>
         <input_file_ref idref="fl-3"/>
      </object_component>
      <object_component id="oc-141">
         <name>.debug_info</name>
         <load_address>0x3af2</load_address>
         <run_address>0x3af2</run_address>
         <size>0x8b</size>
         <input_file_ref idref="fl-4"/>
      </object_component>
      <object_component id="oc-f6">
         <name>.debug_info</name>
         <load_address>0x3b7d</load_address>
         <run_address>0x3b7d</run_address>
         <size>0x232</size>
         <input_file_ref idref="fl-5"/>
      </object_component>
      <object_component id="oc-e1">
         <name>.debug_info</name>
         <load_address>0x3daf</load_address>
         <run_address>0x3daf</run_address>
         <size>0x382</size>
         <input_file_ref idref="fl-5"/>
      </object_component>
      <object_component id="oc-17a">
         <name>.debug_info</name>
         <load_address>0x4131</load_address>
         <run_address>0x4131</run_address>
         <size>0x756</size>
         <input_file_ref idref="fl-6"/>
      </object_component>
      <object_component id="oc-3e">
         <name>.debug_info</name>
         <load_address>0x4887</load_address>
         <run_address>0x4887</run_address>
         <size>0x13e6</size>
         <input_file_ref idref="fl-6"/>
      </object_component>
      <object_component id="oc-17c">
         <name>.debug_info</name>
         <load_address>0x5c6d</load_address>
         <run_address>0x5c6d</run_address>
         <size>0x47e</size>
         <input_file_ref idref="fl-7"/>
      </object_component>
      <object_component id="oc-44">
         <name>.debug_info</name>
         <load_address>0x60eb</load_address>
         <run_address>0x60eb</run_address>
         <size>0xb88</size>
         <input_file_ref idref="fl-7"/>
      </object_component>
      <object_component id="oc-ed">
         <name>.debug_info</name>
         <load_address>0x6c73</load_address>
         <run_address>0x6c73</run_address>
         <size>0x43b</size>
         <input_file_ref idref="fl-8"/>
      </object_component>
      <object_component id="oc-f9">
         <name>.debug_info</name>
         <load_address>0x70ae</load_address>
         <run_address>0x70ae</run_address>
         <size>0x263</size>
         <input_file_ref idref="fl-8"/>
      </object_component>
      <object_component id="oc-32">
         <name>.debug_info</name>
         <load_address>0x7311</load_address>
         <run_address>0x7311</run_address>
         <size>0x5e0</size>
         <input_file_ref idref="fl-8"/>
      </object_component>
      <object_component id="oc-1f2">
         <name>.debug_info</name>
         <load_address>0x78f1</load_address>
         <run_address>0x78f1</run_address>
         <size>0x10f</size>
         <input_file_ref idref="fl-8"/>
      </object_component>
      <object_component id="oc-2ce">
         <name>.debug_info</name>
         <load_address>0x7a00</load_address>
         <run_address>0x7a00</run_address>
         <size>0x188</size>
         <input_file_ref idref="fl-9"/>
      </object_component>
      <object_component id="oc-268">
         <name>.debug_info</name>
         <load_address>0x7b88</load_address>
         <run_address>0x7b88</run_address>
         <size>0x5bf</size>
         <input_file_ref idref="fl-9"/>
      </object_component>
      <object_component id="oc-13e">
         <name>.debug_info</name>
         <load_address>0x8147</load_address>
         <run_address>0x8147</run_address>
         <size>0x525</size>
         <input_file_ref idref="fl-b"/>
      </object_component>
      <object_component id="oc-38">
         <name>.debug_info</name>
         <load_address>0x866c</load_address>
         <run_address>0x866c</run_address>
         <size>0x9e8</size>
         <input_file_ref idref="fl-b"/>
      </object_component>
      <object_component id="oc-4b">
         <name>.debug_info</name>
         <load_address>0x9054</load_address>
         <run_address>0x9054</run_address>
         <size>0x372</size>
         <input_file_ref idref="fl-c"/>
      </object_component>
      <object_component id="oc-10">
         <name>.debug_info</name>
         <load_address>0x93c6</load_address>
         <run_address>0x93c6</run_address>
         <size>0x103</size>
         <input_file_ref idref="fl-c"/>
      </object_component>
      <object_component id="oc-2c">
         <name>.debug_info</name>
         <load_address>0x94c9</load_address>
         <run_address>0x94c9</run_address>
         <size>0x280</size>
         <input_file_ref idref="fl-c"/>
      </object_component>
      <object_component id="oc-212">
         <name>.debug_info</name>
         <load_address>0x9749</load_address>
         <run_address>0x9749</run_address>
         <size>0x1ce</size>
         <input_file_ref idref="fl-12"/>
      </object_component>
      <object_component id="oc-153">
         <name>.debug_info</name>
         <load_address>0x9917</load_address>
         <run_address>0x9917</run_address>
         <size>0x1e9</size>
         <input_file_ref idref="fl-12"/>
      </object_component>
      <object_component id="oc-108">
         <name>.debug_info</name>
         <load_address>0x9b00</load_address>
         <run_address>0x9b00</run_address>
         <size>0x1e3</size>
         <input_file_ref idref="fl-12"/>
      </object_component>
      <object_component id="oc-12c">
         <name>.debug_info</name>
         <load_address>0x9ce3</load_address>
         <run_address>0x9ce3</run_address>
         <size>0x1f3</size>
         <input_file_ref idref="fl-12"/>
      </object_component>
      <object_component id="oc-10e">
         <name>.debug_info</name>
         <load_address>0x9ed6</load_address>
         <run_address>0x9ed6</run_address>
         <size>0x1f1</size>
         <input_file_ref idref="fl-12"/>
      </object_component>
      <object_component id="oc-126">
         <name>.debug_info</name>
         <load_address>0xa0c7</load_address>
         <run_address>0xa0c7</run_address>
         <size>0x233</size>
         <input_file_ref idref="fl-12"/>
      </object_component>
      <object_component id="oc-14d">
         <name>.debug_info</name>
         <load_address>0xa2fa</load_address>
         <run_address>0xa2fa</run_address>
         <size>0x1b3</size>
         <input_file_ref idref="fl-12"/>
      </object_component>
      <object_component id="oc-147">
         <name>.debug_info</name>
         <load_address>0xa4ad</load_address>
         <run_address>0xa4ad</run_address>
         <size>0x1ab</size>
         <input_file_ref idref="fl-12"/>
      </object_component>
      <object_component id="oc-227">
         <name>.debug_info</name>
         <load_address>0xa658</load_address>
         <run_address>0xa658</run_address>
         <size>0x233</size>
         <input_file_ref idref="fl-12"/>
      </object_component>
      <object_component id="oc-120">
         <name>.debug_info</name>
         <load_address>0xa88b</load_address>
         <run_address>0xa88b</run_address>
         <size>0x28a</size>
         <input_file_ref idref="fl-12"/>
      </object_component>
      <object_component id="oc-165">
         <name>.debug_info</name>
         <load_address>0xab15</load_address>
         <run_address>0xab15</run_address>
         <size>0x1b7</size>
         <input_file_ref idref="fl-12"/>
      </object_component>
      <object_component id="oc-132">
         <name>.debug_info</name>
         <load_address>0xaccc</load_address>
         <run_address>0xaccc</run_address>
         <size>0x25d</size>
         <input_file_ref idref="fl-12"/>
      </object_component>
      <object_component id="oc-138">
         <name>.debug_info</name>
         <load_address>0xaf29</load_address>
         <run_address>0xaf29</run_address>
         <size>0x237</size>
         <input_file_ref idref="fl-12"/>
      </object_component>
      <object_component id="oc-1d3">
         <name>.debug_info</name>
         <load_address>0xb160</load_address>
         <run_address>0xb160</run_address>
         <size>0x90</size>
         <input_file_ref idref="fl-12"/>
      </object_component>
      <object_component id="oc-1be">
         <name>.debug_info</name>
         <load_address>0xb1f0</load_address>
         <run_address>0xb1f0</run_address>
         <size>0x18b</size>
         <input_file_ref idref="fl-12"/>
      </object_component>
      <object_component id="oc-1ca">
         <name>.debug_info</name>
         <load_address>0xb37b</load_address>
         <run_address>0xb37b</run_address>
         <size>0x1cf</size>
         <input_file_ref idref="fl-13"/>
      </object_component>
      <object_component id="oc-e7">
         <name>.debug_info</name>
         <load_address>0xb54a</load_address>
         <run_address>0xb54a</run_address>
         <size>0x1ee</size>
         <input_file_ref idref="fl-13"/>
      </object_component>
      <object_component id="oc-b9">
         <name>.debug_info</name>
         <load_address>0xb738</load_address>
         <run_address>0xb738</run_address>
         <size>0x21e</size>
         <input_file_ref idref="fl-13"/>
      </object_component>
      <object_component id="oc-d0">
         <name>.debug_info</name>
         <load_address>0xb956</load_address>
         <run_address>0xb956</run_address>
         <size>0x1f8</size>
         <input_file_ref idref="fl-13"/>
      </object_component>
      <object_component id="oc-de">
         <name>.debug_info</name>
         <load_address>0xbb4e</load_address>
         <run_address>0xbb4e</run_address>
         <size>0x1f6</size>
         <input_file_ref idref="fl-13"/>
      </object_component>
      <object_component id="oc-d6">
         <name>.debug_info</name>
         <load_address>0xbd44</load_address>
         <run_address>0xbd44</run_address>
         <size>0x1e3</size>
         <input_file_ref idref="fl-13"/>
      </object_component>
      <object_component id="oc-b1">
         <name>.debug_info</name>
         <load_address>0xbf27</load_address>
         <run_address>0xbf27</run_address>
         <size>0x1f0</size>
         <input_file_ref idref="fl-13"/>
      </object_component>
      <object_component id="oc-1c4">
         <name>.debug_info</name>
         <load_address>0xc117</load_address>
         <run_address>0xc117</run_address>
         <size>0x144</size>
         <input_file_ref idref="fl-14"/>
      </object_component>
      <object_component id="oc-99">
         <name>.debug_info</name>
         <load_address>0xc25b</load_address>
         <run_address>0xc25b</run_address>
         <size>0x1c5</size>
         <input_file_ref idref="fl-14"/>
      </object_component>
      <object_component id="oc-9f">
         <name>.debug_info</name>
         <load_address>0xc420</load_address>
         <run_address>0xc420</run_address>
         <size>0x18b</size>
         <input_file_ref idref="fl-14"/>
      </object_component>
      <object_component id="oc-a5">
         <name>.debug_info</name>
         <load_address>0xc5ab</load_address>
         <run_address>0xc5ab</run_address>
         <size>0x185</size>
         <input_file_ref idref="fl-14"/>
      </object_component>
      <object_component id="oc-1c8">
         <name>.debug_info</name>
         <load_address>0xc730</load_address>
         <run_address>0xc730</run_address>
         <size>0x226</size>
         <input_file_ref idref="fl-15"/>
      </object_component>
      <object_component id="oc-1bb">
         <name>.debug_info</name>
         <load_address>0xc956</load_address>
         <run_address>0xc956</run_address>
         <size>0xff</size>
         <input_file_ref idref="fl-15"/>
      </object_component>
      <object_component id="oc-ab">
         <name>.debug_info</name>
         <load_address>0xca55</load_address>
         <run_address>0xca55</run_address>
         <size>0x1e1</size>
         <input_file_ref idref="fl-15"/>
      </object_component>
      <object_component id="oc-259">
         <name>.debug_info</name>
         <load_address>0xcc36</load_address>
         <run_address>0xcc36</run_address>
         <size>0x363</size>
         <input_file_ref idref="fl-15"/>
      </object_component>
      <object_component id="oc-93">
         <name>.debug_info</name>
         <load_address>0xcf99</load_address>
         <run_address>0xcf99</run_address>
         <size>0x219</size>
         <input_file_ref idref="fl-15"/>
      </object_component>
      <object_component id="oc-28c">
         <name>.debug_info</name>
         <load_address>0xd1b2</load_address>
         <run_address>0xd1b2</run_address>
         <size>0x5f</size>
         <input_file_ref idref="fl-15"/>
      </object_component>
      <object_component id="oc-1dc">
         <name>.debug_info</name>
         <load_address>0xd211</load_address>
         <run_address>0xd211</run_address>
         <size>0x1ba</size>
         <input_file_ref idref="fl-16"/>
      </object_component>
      <object_component id="oc-1d9">
         <name>.debug_info</name>
         <load_address>0xd3cb</load_address>
         <run_address>0xd3cb</run_address>
         <size>0x1c2</size>
         <input_file_ref idref="fl-16"/>
      </object_component>
      <object_component id="oc-1de">
         <name>.debug_info</name>
         <load_address>0xd58d</load_address>
         <run_address>0xd58d</run_address>
         <size>0x100</size>
         <input_file_ref idref="fl-16"/>
      </object_component>
      <object_component id="oc-c9">
         <name>.debug_info</name>
         <load_address>0xd68d</load_address>
         <run_address>0xd68d</run_address>
         <size>0x22d</size>
         <input_file_ref idref="fl-16"/>
      </object_component>
      <object_component id="oc-bd">
         <name>.debug_info</name>
         <load_address>0xd8ba</load_address>
         <run_address>0xd8ba</run_address>
         <size>0x1a2</size>
         <input_file_ref idref="fl-16"/>
      </object_component>
      <object_component id="oc-c3">
         <name>.debug_info</name>
         <load_address>0xda5c</load_address>
         <run_address>0xda5c</run_address>
         <size>0x1cc</size>
         <input_file_ref idref="fl-16"/>
      </object_component>
      <object_component id="oc-218">
         <name>.debug_info</name>
         <load_address>0xdc28</load_address>
         <run_address>0xdc28</run_address>
         <size>0x1d7</size>
         <input_file_ref idref="fl-17"/>
      </object_component>
      <object_component id="oc-215">
         <name>.debug_info</name>
         <load_address>0xddff</load_address>
         <run_address>0xddff</run_address>
         <size>0x10d</size>
         <input_file_ref idref="fl-17"/>
      </object_component>
      <object_component id="oc-15f">
         <name>.debug_info</name>
         <load_address>0xdf0c</load_address>
         <run_address>0xdf0c</run_address>
         <size>0x207</size>
         <input_file_ref idref="fl-17"/>
      </object_component>
      <object_component id="oc-21a">
         <name>.debug_info</name>
         <load_address>0xe113</load_address>
         <run_address>0xe113</run_address>
         <size>0x217</size>
         <input_file_ref idref="fl-17"/>
      </object_component>
      <object_component id="oc-220">
         <name>.debug_info</name>
         <load_address>0xe32a</load_address>
         <run_address>0xe32a</run_address>
         <size>0x312</size>
         <input_file_ref idref="fl-17"/>
      </object_component>
      <object_component id="oc-11a">
         <name>.debug_info</name>
         <load_address>0xe63c</load_address>
         <run_address>0xe63c</run_address>
         <size>0x1df</size>
         <input_file_ref idref="fl-17"/>
      </object_component>
      <object_component id="oc-159">
         <name>.debug_info</name>
         <load_address>0xe81b</load_address>
         <run_address>0xe81b</run_address>
         <size>0x1eb</size>
         <input_file_ref idref="fl-17"/>
      </object_component>
      <object_component id="oc-1e5">
         <name>.debug_info</name>
         <load_address>0xea06</load_address>
         <run_address>0xea06</run_address>
         <size>0x1df</size>
         <input_file_ref idref="fl-17"/>
      </object_component>
      <object_component id="oc-114">
         <name>.debug_info</name>
         <load_address>0xebe5</load_address>
         <run_address>0xebe5</run_address>
         <size>0x1e4</size>
         <input_file_ref idref="fl-17"/>
      </object_component>
      <object_component id="oc-1cd">
         <name>.debug_info</name>
         <load_address>0xedc9</load_address>
         <run_address>0xedc9</run_address>
         <size>0x176</size>
         <input_file_ref idref="fl-18"/>
      </object_component>
      <object_component id="oc-2df">
         <name>.debug_info</name>
         <load_address>0xef3f</load_address>
         <run_address>0xef3f</run_address>
         <size>0x116</size>
         <input_file_ref idref="fl-ce"/>
      </object_component>
      <object_component id="oc-2c3">
         <name>.debug_info</name>
         <load_address>0xf055</load_address>
         <run_address>0xf055</run_address>
         <size>0x13e</size>
         <input_file_ref idref="fl-ce"/>
      </object_component>
      <object_component id="oc-210">
         <name>.debug_info</name>
         <load_address>0xf193</load_address>
         <run_address>0xf193</run_address>
         <size>0x114</size>
         <input_file_ref idref="fl-cf"/>
      </object_component>
      <object_component id="oc-102">
         <name>.debug_info</name>
         <load_address>0xf2a7</load_address>
         <run_address>0xf2a7</run_address>
         <size>0x171</size>
         <input_file_ref idref="fl-cf"/>
      </object_component>
      <object_component id="oc-25">
         <name>.debug_info</name>
         <load_address>0xf418</load_address>
         <run_address>0xf418</run_address>
         <size>0x160</size>
         <input_file_ref idref="fl-d0"/>
      </object_component>
      <object_component id="oc-186">
         <name>.debug_info</name>
         <load_address>0xf578</load_address>
         <run_address>0xf578</run_address>
         <size>0xf9</size>
         <input_file_ref idref="fl-d1"/>
      </object_component>
      <object_component id="oc-13">
         <name>.debug_info</name>
         <load_address>0xf671</load_address>
         <run_address>0xf671</run_address>
         <size>0x245</size>
         <input_file_ref idref="fl-d1"/>
      </object_component>
      <object_component id="oc-4d">
         <name>.debug_info</name>
         <load_address>0xf8b6</load_address>
         <run_address>0xf8b6</run_address>
         <size>0x60</size>
         <input_file_ref idref="fl-d1"/>
      </object_component>
      <object_component id="oc-181">
         <name>.debug_info</name>
         <load_address>0xf916</load_address>
         <run_address>0xf916</run_address>
         <size>0x46</size>
         <input_file_ref idref="fl-d1"/>
      </object_component>
      <object_component id="oc-62">
         <name>.debug_info</name>
         <load_address>0xf95c</load_address>
         <run_address>0xf95c</run_address>
         <size>0x140</size>
         <input_file_ref idref="fl-d2"/>
      </object_component>
      <object_component id="oc-19">
         <name>.debug_info</name>
         <load_address>0xfa9c</load_address>
         <run_address>0xfa9c</run_address>
         <size>0x1df</size>
         <input_file_ref idref="fl-d2"/>
      </object_component>
      <object_component id="oc-5d">
         <name>.debug_info</name>
         <load_address>0xfc7b</load_address>
         <run_address>0xfc7b</run_address>
         <size>0x46</size>
         <input_file_ref idref="fl-d2"/>
      </object_component>
      <object_component id="oc-188">
         <name>.debug_info</name>
         <load_address>0xfcc1</load_address>
         <run_address>0xfcc1</run_address>
         <size>0x2c</size>
         <input_file_ref idref="fl-d2"/>
      </object_component>
      <object_component id="oc-6e">
         <name>.debug_info</name>
         <load_address>0xfced</load_address>
         <run_address>0xfced</run_address>
         <size>0x12f</size>
         <input_file_ref idref="fl-d3"/>
      </object_component>
      <object_component id="oc-1f">
         <name>.debug_info</name>
         <load_address>0xfe1c</load_address>
         <run_address>0xfe1c</run_address>
         <size>0x1aa</size>
         <input_file_ref idref="fl-d3"/>
      </object_component>
      <object_component id="oc-69">
         <name>.debug_info</name>
         <load_address>0xffc6</load_address>
         <run_address>0xffc6</run_address>
         <size>0x46</size>
         <input_file_ref idref="fl-d3"/>
      </object_component>
      <object_component id="oc-190">
         <name>.debug_info</name>
         <load_address>0x1000c</load_address>
         <run_address>0x1000c</run_address>
         <size>0x2c</size>
         <input_file_ref idref="fl-d3"/>
      </object_component>
      <object_component id="oc-29d">
         <name>.debug_info</name>
         <load_address>0x10038</load_address>
         <run_address>0x10038</run_address>
         <size>0xee</size>
         <input_file_ref idref="fl-d4"/>
      </object_component>
      <object_component id="oc-20d">
         <name>.debug_info</name>
         <load_address>0x10126</load_address>
         <run_address>0x10126</run_address>
         <size>0xfa</size>
         <input_file_ref idref="fl-d4"/>
      </object_component>
      <object_component id="oc-1b6">
         <name>.debug_info</name>
         <load_address>0x10220</load_address>
         <run_address>0x10220</run_address>
         <size>0x234</size>
         <input_file_ref idref="fl-d5"/>
      </object_component>
      <object_component id="oc-1b0">
         <name>.debug_info</name>
         <load_address>0x10454</load_address>
         <run_address>0x10454</run_address>
         <size>0x185</size>
         <input_file_ref idref="fl-d5"/>
      </object_component>
      <object_component id="oc-88">
         <name>.debug_info</name>
         <load_address>0x105d9</load_address>
         <run_address>0x105d9</run_address>
         <size>0x214</size>
         <input_file_ref idref="fl-d5"/>
      </object_component>
      <object_component id="oc-2c9">
         <name>.debug_info</name>
         <load_address>0x107ed</load_address>
         <run_address>0x107ed</run_address>
         <size>0x136</size>
         <input_file_ref idref="fl-d6"/>
      </object_component>
      <object_component id="oc-2d7">
         <name>.debug_info</name>
         <load_address>0x10923</load_address>
         <run_address>0x10923</run_address>
         <size>0x111</size>
         <input_file_ref idref="fl-d7"/>
      </object_component>
      <object_component id="oc-2bd">
         <name>.debug_info</name>
         <load_address>0x10a34</load_address>
         <run_address>0x10a34</run_address>
         <size>0x149</size>
         <input_file_ref idref="fl-d7"/>
      </object_component>
      <object_component id="oc-58">
         <name>.debug_info</name>
         <load_address>0x10b7d</load_address>
         <run_address>0x10b7d</run_address>
         <size>0x111</size>
         <input_file_ref idref="fl-d8"/>
      </object_component>
      <object_component id="oc-64">
         <name>.debug_info</name>
         <load_address>0x10c8e</load_address>
         <run_address>0x10c8e</run_address>
         <size>0x13f</size>
         <input_file_ref idref="fl-d9"/>
      </object_component>
      <object_component id="oc-70">
         <name>.debug_info</name>
         <load_address>0x10dcd</load_address>
         <run_address>0x10dcd</run_address>
         <size>0x138</size>
         <input_file_ref idref="fl-da"/>
      </object_component>
      <object_component id="oc-76">
         <name>.debug_info</name>
         <load_address>0x10f05</load_address>
         <run_address>0x10f05</run_address>
         <size>0x148</size>
         <input_file_ref idref="fl-db"/>
      </object_component>
      <object_component id="oc-8e">
         <name>.debug_info</name>
         <load_address>0x1104d</load_address>
         <run_address>0x1104d</run_address>
         <size>0x109</size>
         <input_file_ref idref="fl-dc"/>
      </object_component>
      <object_component id="oc-300">
         <name>.debug_info</name>
         <load_address>0x11156</load_address>
         <run_address>0x11156</run_address>
         <size>0x25d</size>
         <input_file_ref idref="fl-dd"/>
      </object_component>
      <object_component id="oc-2fa">
         <name>.debug_info</name>
         <load_address>0x113b3</load_address>
         <run_address>0x113b3</run_address>
         <size>0x118</size>
         <input_file_ref idref="fl-dd"/>
      </object_component>
      <object_component id="oc-2d9">
         <name>.debug_info</name>
         <load_address>0x114cb</load_address>
         <run_address>0x114cb</run_address>
         <size>0x300</size>
         <input_file_ref idref="fl-dd"/>
      </object_component>
      <object_component id="oc-282">
         <name>.debug_info</name>
         <load_address>0x117cb</load_address>
         <run_address>0x117cb</run_address>
         <size>0x124</size>
         <input_file_ref idref="fl-de"/>
      </object_component>
      <object_component id="oc-1b3">
         <name>.debug_info</name>
         <load_address>0x118ef</load_address>
         <run_address>0x118ef</run_address>
         <size>0x113</size>
         <input_file_ref idref="fl-de"/>
      </object_component>
      <object_component id="oc-27e">
         <name>.debug_info</name>
         <load_address>0x11a02</load_address>
         <run_address>0x11a02</run_address>
         <size>0x21f</size>
         <input_file_ref idref="fl-de"/>
      </object_component>
      <object_component id="oc-1ae">
         <name>.debug_info</name>
         <load_address>0x11c21</load_address>
         <run_address>0x11c21</run_address>
         <size>0x166</size>
         <input_file_ref idref="fl-df"/>
      </object_component>
      <object_component id="oc-82">
         <name>.debug_info</name>
         <load_address>0x11d87</load_address>
         <run_address>0x11d87</run_address>
         <size>0x167</size>
         <input_file_ref idref="fl-df"/>
      </object_component>
      <object_component id="oc-273">
         <name>.debug_info</name>
         <load_address>0x11eee</load_address>
         <run_address>0x11eee</run_address>
         <size>0x5e</size>
         <input_file_ref idref="fl-df"/>
      </object_component>
      <object_component id="oc-1a6">
         <name>.debug_info</name>
         <load_address>0x11f4c</load_address>
         <run_address>0x11f4c</run_address>
         <size>0x2e9</size>
         <input_file_ref idref="fl-e0"/>
      </object_component>
      <object_component id="oc-7c">
         <name>.debug_info</name>
         <load_address>0x12235</load_address>
         <run_address>0x12235</run_address>
         <size>0x190</size>
         <input_file_ref idref="fl-e0"/>
      </object_component>
      <object_component id="oc-24e">
         <name>.debug_info</name>
         <load_address>0x123c5</load_address>
         <run_address>0x123c5</run_address>
         <size>0x39</size>
         <input_file_ref idref="fl-e0"/>
      </object_component>
      <object_component id="oc-2b5">
         <name>.debug_info</name>
         <load_address>0x123fe</load_address>
         <run_address>0x123fe</run_address>
         <size>0x39</size>
         <input_file_ref idref="fl-e0"/>
      </object_component>
      <object_component id="oc-253">
         <name>.debug_info</name>
         <load_address>0x12437</load_address>
         <run_address>0x12437</run_address>
         <size>0xcd</size>
         <input_file_ref idref="fl-e0"/>
      </object_component>
      <object_component id="oc-24a">
         <name>.debug_info</name>
         <load_address>0x12504</load_address>
         <run_address>0x12504</run_address>
         <size>0x1e0</size>
         <input_file_ref idref="fl-e1"/>
      </object_component>
      <object_component id="oc-19a">
         <name>.debug_info</name>
         <load_address>0x126e4</load_address>
         <run_address>0x126e4</run_address>
         <size>0x183</size>
         <input_file_ref idref="fl-e1"/>
      </object_component>
      <object_component id="oc-2b0">
         <name>.debug_info</name>
         <load_address>0x12867</load_address>
         <run_address>0x12867</run_address>
         <size>0x2c</size>
         <input_file_ref idref="fl-e1"/>
      </object_component>
      <object_component id="oc-2fd">
         <name>.debug_info</name>
         <load_address>0x12893</load_address>
         <run_address>0x12893</run_address>
         <size>0xf3</size>
         <input_file_ref idref="fl-e2"/>
      </object_component>
      <object_component id="oc-2eb">
         <name>.debug_info</name>
         <load_address>0x12986</load_address>
         <run_address>0x12986</run_address>
         <size>0x144</size>
         <input_file_ref idref="fl-e3"/>
      </object_component>
      <object_component id="oc-2f0">
         <name>.debug_info</name>
         <load_address>0x12aca</load_address>
         <run_address>0x12aca</run_address>
         <size>0x120</size>
         <input_file_ref idref="fl-e4"/>
      </object_component>
      <object_component id="oc-2f5">
         <name>.debug_info</name>
         <load_address>0x12bea</load_address>
         <run_address>0x12bea</run_address>
         <size>0x132</size>
         <input_file_ref idref="fl-e5"/>
      </object_component>
      <object_component id="oc-2e6">
         <name>.debug_info</name>
         <load_address>0x12d1c</load_address>
         <run_address>0x12d1c</run_address>
         <size>0x132</size>
         <input_file_ref idref="fl-e6"/>
      </object_component>
      <object_component id="oc-1a0">
         <name>.debug_info</name>
         <load_address>0x12e4e</load_address>
         <run_address>0x12e4e</run_address>
         <size>0x145</size>
         <input_file_ref idref="fl-e7"/>
      </object_component>
      <object_component id="oc-332">
         <name>.debug_info</name>
         <load_address>0x12f93</load_address>
         <run_address>0x12f93</run_address>
         <size>0xb9</size>
      </object_component>
      <object_component id="oc-207">
         <name>.debug_line</name>
         <load_address>0x0</load_address>
         <run_address>0x0</run_address>
         <size>0xa0</size>
         <input_file_ref idref="fl-2"/>
      </object_component>
      <object_component id="oc-263">
         <name>.debug_line</name>
         <load_address>0xa0</load_address>
         <run_address>0xa0</run_address>
         <size>0x362</size>
         <input_file_ref idref="fl-2"/>
      </object_component>
      <object_component id="oc-1fb">
         <name>.debug_line</name>
         <load_address>0x402</load_address>
         <run_address>0x402</run_address>
         <size>0x2c</size>
         <input_file_ref idref="fl-2"/>
      </object_component>
      <object_component id="oc-2ac">
         <name>.debug_line</name>
         <load_address>0x42e</load_address>
         <run_address>0x42e</run_address>
         <size>0x59</size>
         <input_file_ref idref="fl-2"/>
      </object_component>
      <object_component id="oc-55">
         <name>.debug_line</name>
         <load_address>0x487</load_address>
         <run_address>0x487</run_address>
         <size>0x20</size>
         <input_file_ref idref="fl-2"/>
      </object_component>
      <object_component id="oc-ff">
         <name>.debug_line</name>
         <load_address>0x4a7</load_address>
         <run_address>0x4a7</run_address>
         <size>0x6e</size>
         <input_file_ref idref="fl-2"/>
      </object_component>
      <object_component id="oc-1f7">
         <name>.debug_line</name>
         <load_address>0x515</load_address>
         <run_address>0x515</run_address>
         <size>0x11f</size>
         <input_file_ref idref="fl-3"/>
      </object_component>
      <object_component id="oc-2d0">
         <name>.debug_line</name>
         <load_address>0x634</load_address>
         <run_address>0x634</run_address>
         <size>0x3a</size>
         <input_file_ref idref="fl-3"/>
      </object_component>
      <object_component id="oc-1ab">
         <name>.debug_line</name>
         <load_address>0x66e</load_address>
         <run_address>0x66e</run_address>
         <size>0x59e</size>
         <input_file_ref idref="fl-3"/>
      </object_component>
      <object_component id="oc-200">
         <name>.debug_line</name>
         <load_address>0xc0c</load_address>
         <run_address>0xc0c</run_address>
         <size>0x31</size>
         <input_file_ref idref="fl-3"/>
      </object_component>
      <object_component id="oc-1f0">
         <name>.debug_line</name>
         <load_address>0xc3d</load_address>
         <run_address>0xc3d</run_address>
         <size>0x30</size>
         <input_file_ref idref="fl-3"/>
      </object_component>
      <object_component id="oc-204">
         <name>.debug_line</name>
         <load_address>0xc6d</load_address>
         <run_address>0xc6d</run_address>
         <size>0x3a</size>
         <input_file_ref idref="fl-3"/>
      </object_component>
      <object_component id="oc-236">
         <name>.debug_line</name>
         <load_address>0xca7</load_address>
         <run_address>0xca7</run_address>
         <size>0x2f</size>
         <input_file_ref idref="fl-3"/>
      </object_component>
      <object_component id="oc-23b">
         <name>.debug_line</name>
         <load_address>0xcd6</load_address>
         <run_address>0xcd6</run_address>
         <size>0x2f</size>
         <input_file_ref idref="fl-3"/>
      </object_component>
      <object_component id="oc-144">
         <name>.debug_line</name>
         <load_address>0xd05</load_address>
         <run_address>0xd05</run_address>
         <size>0x20</size>
         <input_file_ref idref="fl-4"/>
      </object_component>
      <object_component id="oc-209">
         <name>.debug_line</name>
         <load_address>0xd25</load_address>
         <run_address>0xd25</run_address>
         <size>0xa3</size>
         <input_file_ref idref="fl-5"/>
      </object_component>
      <object_component id="oc-e4">
         <name>.debug_line</name>
         <load_address>0xdc8</load_address>
         <run_address>0xdc8</run_address>
         <size>0xa9</size>
         <input_file_ref idref="fl-5"/>
      </object_component>
      <object_component id="oc-244">
         <name>.debug_line</name>
         <load_address>0xe71</load_address>
         <run_address>0xe71</run_address>
         <size>0x11b</size>
         <input_file_ref idref="fl-6"/>
      </object_component>
      <object_component id="oc-41">
         <name>.debug_line</name>
         <load_address>0xf8c</load_address>
         <run_address>0xf8c</run_address>
         <size>0x342</size>
         <input_file_ref idref="fl-6"/>
      </object_component>
      <object_component id="oc-246">
         <name>.debug_line</name>
         <load_address>0x12ce</load_address>
         <run_address>0x12ce</run_address>
         <size>0x120</size>
         <input_file_ref idref="fl-7"/>
      </object_component>
      <object_component id="oc-47">
         <name>.debug_line</name>
         <load_address>0x13ee</load_address>
         <run_address>0x13ee</run_address>
         <size>0x1d2</size>
         <input_file_ref idref="fl-7"/>
      </object_component>
      <object_component id="oc-1ed">
         <name>.debug_line</name>
         <load_address>0x15c0</load_address>
         <run_address>0x15c0</run_address>
         <size>0x14c</size>
         <input_file_ref idref="fl-8"/>
      </object_component>
      <object_component id="oc-20b">
         <name>.debug_line</name>
         <load_address>0x170c</load_address>
         <run_address>0x170c</run_address>
         <size>0x30</size>
         <input_file_ref idref="fl-8"/>
      </object_component>
      <object_component id="oc-35">
         <name>.debug_line</name>
         <load_address>0x173c</load_address>
         <run_address>0x173c</run_address>
         <size>0x140</size>
         <input_file_ref idref="fl-8"/>
      </object_component>
      <object_component id="oc-1f4">
         <name>.debug_line</name>
         <load_address>0x187c</load_address>
         <run_address>0x187c</run_address>
         <size>0x30</size>
         <input_file_ref idref="fl-8"/>
      </object_component>
      <object_component id="oc-2e2">
         <name>.debug_line</name>
         <load_address>0x18ac</load_address>
         <run_address>0x18ac</run_address>
         <size>0xc0</size>
         <input_file_ref idref="fl-9"/>
      </object_component>
      <object_component id="oc-26b">
         <name>.debug_line</name>
         <load_address>0x196c</load_address>
         <run_address>0x196c</run_address>
         <size>0x153</size>
         <input_file_ref idref="fl-9"/>
      </object_component>
      <object_component id="oc-232">
         <name>.debug_line</name>
         <load_address>0x1abf</load_address>
         <run_address>0x1abf</run_address>
         <size>0x179</size>
         <input_file_ref idref="fl-b"/>
      </object_component>
      <object_component id="oc-3b">
         <name>.debug_line</name>
         <load_address>0x1c38</load_address>
         <run_address>0x1c38</run_address>
         <size>0x1ae</size>
         <input_file_ref idref="fl-b"/>
      </object_component>
      <object_component id="oc-180">
         <name>.debug_line</name>
         <load_address>0x1de6</load_address>
         <run_address>0x1de6</run_address>
         <size>0x41</size>
         <input_file_ref idref="fl-c"/>
      </object_component>
      <object_component id="oc-4a">
         <name>.debug_line</name>
         <load_address>0x1e27</load_address>
         <run_address>0x1e27</run_address>
         <size>0x41</size>
         <input_file_ref idref="fl-c"/>
      </object_component>
      <object_component id="oc-2f">
         <name>.debug_line</name>
         <load_address>0x1e68</load_address>
         <run_address>0x1e68</run_address>
         <size>0xa1</size>
         <input_file_ref idref="fl-c"/>
      </object_component>
      <object_component id="oc-2a1">
         <name>.debug_line</name>
         <load_address>0x1f09</load_address>
         <run_address>0x1f09</run_address>
         <size>0x5b</size>
         <input_file_ref idref="fl-12"/>
      </object_component>
      <object_component id="oc-156">
[...]
         <object_component_ref idref="oc-43"/>
      </symbol>
      <symbol id="sm-3aa">
         <name>SerialSend_1_Position12</name>
         <value>0x30c1</value>
         <object_component_ref idref="oc-43"/>
      </symbol>
      <symbol id="sm-3ab">
         <name>serialGetData</name>
         <value>0x3077</value>
         <object_component_ref idref="oc-43"/>
      </symbol>
      <symbol id="sm-3ac">
         <name>UART5_Init</name>
         <value>0x2f6b</value>
         <object_component_ref idref="oc-43"/>
      </symbol>
      <symbol id="sm-3ad">
         <name>UART2_Init</name>
         <value>0x2f05</value>
         <object_component_ref idref="oc-43"/>
      </symbol>
      <symbol id="sm-3ae">
         <name>SerialSend_1_AverageTorq</name>
         <value>0x311f</value>
         <object_component_ref idref="oc-43"/>
      </symbol>
      <symbol id="sm-3e9">
         <name>SysTick_Int_Count</name>
         <value>0x200002f0</value>
      </symbol>
      <symbol id="sm-3ea">
         <name>preMicroSecond_camera</name>
         <value>0x20000510</value>
         <object_component_ref idref="oc-f8"/>
      </symbol>
      <symbol id="sm-3eb">
         <name>preMicroSecond_angle</name>
         <value>0x20000504</value>
         <object_component_ref idref="oc-f8"/>
      </symbol>
      <symbol id="sm-3ec">
         <name>SycTick_Interrupt_Handler</name>
         <value>0x3b3b</value>
         <object_component_ref idref="oc-31"/>
      </symbol>
      <symbol id="sm-3ed">
         <name>Timer1_init</name>
         <value>0x3be7</value>
         <object_component_ref idref="oc-31"/>
      </symbol>
      <symbol id="sm-3ee">
         <name>Timer0_init</name>
         <value>0x3c61</value>
         <object_component_ref idref="oc-31"/>
      </symbol>
      <symbol id="sm-3ef">
         <name>Timer0_Interrupt_Handler</name>
         <value>0x3ca3</value>
         <object_component_ref idref="oc-31"/>
      </symbol>
      <symbol id="sm-3f0">
         <name>getMicroSecond</name>
         <value>0x3cc1</value>
         <object_component_ref idref="oc-31"/>
      </symbol>
      <symbol id="sm-3f1">
         <name>safe_flag</name>
         <value>0x20000518</value>
         <object_component_ref idref="oc-f8"/>
      </symbol>
      <symbol id="sm-3f2">
         <name>preMicroSecond_position</name>
         <value>0x20000508</value>
         <object_component_ref idref="oc-f8"/>
      </symbol>
      <symbol id="sm-3f3">
         <name>Timer1_Reset</name>
         <value>0x3c55</value>
         <object_component_ref idref="oc-31"/>
      </symbol>
      <symbol id="sm-3f4">
         <name>preMicroSecond_sonar</name>
         <value>0x2000050c</value>
         <object_component_ref idref="oc-f8"/>
      </symbol>
      <symbol id="sm-3f5">
         <name>Timer1_Interrupt_Handler</name>
         <value>0x3c2f</value>
         <object_component_ref idref="oc-31"/>
      </symbol>
      <symbol id="sm-3f6">
         <name>seconds</name>
         <value>0x20000500</value>
         <object_component_ref idref="oc-f8"/>
      </symbol>
      <symbol id="sm-3f7">
         <name>sampling_time_second</name>
         <value>0x20000514</value>
         <object_component_ref idref="oc-f8"/>
      </symbol>
      <symbol id="sm-3f8">
         <name>SysTick_Init</name>
         <value>0x3b21</value>
         <object_component_ref idref="oc-31"/>
      </symbol>
      <symbol id="sm-3f9">
         <name>SycTick_Int_Count</name>
         <value>0x20000519</value>
         <object_component_ref idref="oc-f8"/>
      </symbol>
      <symbol id="sm-421">
         <name>Map_y</name>
         <value>0x3331</value>
         <object_component_ref idref="oc-267"/>
      </symbol>
      <symbol id="sm-422">
         <name>set_int_value</name>
         <value>0x368f</value>
         <object_component_ref idref="oc-267"/>
      </symbol>
      <symbol id="sm-423">
         <name>int2num</name>
         <value>0x3557</value>
         <object_component_ref idref="oc-267"/>
      </symbol>
      <symbol id="sm-424">
         <name>set_float_value</name>
         <value>0x3655</value>
         <object_component_ref idref="oc-267"/>
      </symbol>
      <symbol id="sm-425">
         <name>float2str</name>
         <value>0x3385</value>
         <object_component_ref idref="oc-267"/>
      </symbol>
      <symbol id="sm-455">
         <name>Uart</name>
         <value>0x20000224</value>
      </symbol>
      <symbol id="sm-456">
         <name>SerialPutStr_NonTer</name>
         <value>0x3a91</value>
         <object_component_ref idref="oc-37"/>
      </symbol>
      <symbol id="sm-457">
         <name>set_position</name>
         <value>0x38fd</value>
         <object_component_ref idref="oc-37"/>
      </symbol>
      <symbol id="sm-458">
         <name>UART0_Interrupt_Handler</name>
         <value>0x393d</value>
         <object_component_ref idref="oc-37"/>
      </symbol>
      <symbol id="sm-459">
         <name>SerialPutStrLn</name>
         <value>0x3a61</value>
         <object_component_ref idref="oc-37"/>
      </symbol>
      <symbol id="sm-45a">
         <name>SerialPutChar</name>
         <value>0x3a25</value>
         <object_component_ref idref="oc-37"/>
      </symbol>
      <symbol id="sm-45b">
         <name>UART0_Init</name>
         <value>0x3997</value>
         <object_component_ref idref="oc-37"/>
      </symbol>
      <symbol id="sm-45c">
         <name>SerialTerminator</name>
         <value>0x3af1</value>
         <object_component_ref idref="oc-37"/>
      </symbol>
      <symbol id="sm-45d">
         <name>SerialPutStr</name>
         <value>0x3a39</value>
         <object_component_ref idref="oc-37"/>
      </symbol>
      <symbol id="sm-45e">
         <name>SerialGetStr</name>
         <value>0x3ab1</value>
         <object_component_ref idref="oc-37"/>
      </symbol>
      <symbol id="sm-45f">
         <name>SerialPutData</name>
         <value>0x39ed</value>
         <object_component_ref idref="oc-37"/>
      </symbol>
      <symbol id="sm-47b">
         <name>ResetISR</name>
         <value>0x4c31</value>
         <object_component_ref idref="oc-2b"/>
      </symbol>
      <symbol id="sm-47c">
         <name>g_pfnVectors</name>
         <value>0x0</value>
         <object_component_ref idref="oc-f"/>
      </symbol>
      <symbol id="sm-4f7">
         <name>UARTTxIntModeSet</name>
         <value>0x4c19</value>
         <object_component_ref idref="oc-152"/>
      </symbol>
      <symbol id="sm-4f8">
         <name>UARTConfigSetExpClk</name>
         <value>0x4a2d</value>
         <object_component_ref idref="oc-11f"/>
      </symbol>
      <symbol id="sm-4f9">
         <name>UARTDisable</name>
         <value>0x4af1</value>
         <object_component_ref idref="oc-226"/>
      </symbol>
      <symbol id="sm-4fa">
         <name>UARTIntEnable</name>
         <value>0x4c81</value>
         <object_component_ref idref="oc-12b"/>
      </symbol>
      <symbol id="sm-4fb">
         <name>UARTCharsAvail</name>
         <value>0x4c0d</value>
         <object_component_ref idref="oc-164"/>
      </symbol>
      <symbol id="sm-4fc">
         <name>UARTCharPut</name>
         <value>0x4c5b</value>
         <object_component_ref idref="oc-131"/>
      </symbol>
      <symbol id="sm-4fd">
         <name>UARTEnable</name>
         <value>0x4b65</value>
         <object_component_ref idref="oc-146"/>
      </symbol>
      <symbol id="sm-4fe">
         <name>UARTFIFOEnable</name>
         <value>0x4c65</value>
         <object_component_ref idref="oc-14c"/>
      </symbol>
      <symbol id="sm-4ff">
         <name>UARTIntClear</name>
         <value>0x4ca5</value>
         <object_component_ref idref="oc-10d"/>
      </symbol>
      <symbol id="sm-500">
         <name>UARTIntStatus</name>
         <value>0x4c6f</value>
         <object_component_ref idref="oc-107"/>
      </symbol>
      <symbol id="sm-501">
         <name>UARTCharGet</name>
         <value>0x4c51</value>
         <object_component_ref idref="oc-137"/>
      </symbol>
      <symbol id="sm-502">
         <name>UARTFIFOLevelSet</name>
         <value>0x4c9b</value>
         <object_component_ref idref="oc-125"/>
      </symbol>
      <symbol id="sm-53d">
         <name>TimerLoadSet</name>
         <value>0x4b9f</value>
         <object_component_ref idref="oc-b6"/>
      </symbol>
      <symbol id="sm-53e">
         <name>TimerEnable</name>
         <value>0x4be5</value>
         <object_component_ref idref="oc-d4"/>
      </symbol>
      <symbol id="sm-53f">
         <name>TimerValueGet</name>
         <value>0x4c47</value>
         <object_component_ref idref="oc-e6"/>
      </symbol>
      <symbol id="sm-540">
         <name>TimerIntEnable</name>
         <value>0x4c79</value>
         <object_component_ref idref="oc-ce"/>
      </symbol>
      <symbol id="sm-541">
         <name>TimerConfigure</name>
         <value>0x4849</value>
         <object_component_ref idref="oc-b0"/>
      </symbol>
      <symbol id="sm-542">
         <name>TimerIntClear</name>
         <value>0x4ca1</value>
         <object_component_ref idref="oc-da"/>
      </symbol>
      <symbol id="sm-565">
         <name>SysTickEnable</name>
         <value>0x4b3d</value>
         <object_component_ref idref="oc-a4"/>
      </symbol>
      <symbol id="sm-566">
         <name>SysTickIntEnable</name>
         <value>0x4b51</value>
         <object_component_ref idref="oc-9e"/>
      </symbol>
      <symbol id="sm-567">
         <name>SysTickPeriodSet</name>
         <value>0x4bc5</value>
         <object_component_ref idref="oc-98"/>
      </symbol>
      <symbol id="sm-5c2">
         <name>SysCtlClockSet</name>
         <value>0x434d</value>
         <object_component_ref idref="oc-258"/>
      </symbol>
      <symbol id="sm-5c3">
         <name>SysCtlDelay</name>
         <value>0x4c95</value>
         <object_component_ref idref="oc-25e"/>
      </symbol>
      <symbol id="sm-5c4">
         <name>SysCtlPeripheralEnable</name>
         <value>0x4a6d</value>
         <object_component_ref idref="oc-aa"/>
      </symbol>
      <symbol id="sm-5c5">
         <name>SysCtlClockGet</name>
         <value>0x4139</value>
         <object_component_ref idref="oc-92"/>
      </symbol>
      <symbol id="sm-604">
         <name>IntPrioritySet</name>
         <value>0x4acd</value>
         <object_component_ref idref="oc-c8"/>
      </symbol>
      <symbol id="sm-605">
         <name>IntEnable</name>
         <value>0x47e9</value>
         <object_component_ref idref="oc-c2"/>
      </symbol>
      <symbol id="sm-606">
         <name>IntMasterEnable</name>
         <value>0x4c3d</value>
         <object_component_ref idref="oc-bc"/>
      </symbol>
      <symbol id="sm-656">
         <name>GPIOPinConfigure</name>
         <value>0x49e5</value>
         <object_component_ref idref="oc-113"/>
      </symbol>
      <symbol id="sm-657">
         <name>GPIOPinTypeUART</name>
         <value>0x4b8d</value>
         <object_component_ref idref="oc-119"/>
      </symbol>
      <symbol id="sm-658">
         <name>GPIOPinTypeGPIOOutput</name>
         <value>0x4b0d</value>
         <object_component_ref idref="oc-158"/>
      </symbol>
      <symbol id="sm-659">
         <name>GPIOPinRead</name>
         <value>0x4c89</value>
         <object_component_ref idref="oc-1e4"/>
      </symbol>
      <symbol id="sm-65a">
         <name>GPIODirModeSet</name>
         <value>0x4aa1</value>
         <object_component_ref idref="oc-219"/>
      </symbol>
      <symbol id="sm-65b">
         <name>GPIOPinWrite</name>
         <value>0x4c8f</value>
         <object_component_ref idref="oc-15e"/>
      </symbol>
      <symbol id="sm-65c">
         <name>GPIOPadConfigSet</name>
         <value>0x4009</value>
         <object_component_ref idref="oc-21f"/>
      </symbol>
      <symbol id="sm-666">
         <name>CPUcpsie</name>
         <value>0x4c01</value>
         <object_component_ref idref="oc-1cc"/>
      </symbol>
      <symbol id="sm-673">
         <name>atof</name>
         <value>0x4bb1</value>
         <object_component_ref idref="oc-2c2"/>
      </symbol>
      <symbol id="sm-689">
         <name>atoi</name>
         <value>0x494d</value>
         <object_component_ref idref="oc-101"/>
      </symbol>
      <symbol id="sm-69a">
         <name>_c_int00</name>
         <value>0x48a5</value>
         <object_component_ref idref="oc-24"/>
      </symbol>
      <symbol id="sm-69b">
         <name>__stack</name>
         <value>0x20000300</value>
         <object_component_ref idref="oc-2a"/>
      </symbol>
      <symbol id="sm-6b9">
         <name>__TI_decompress_lzss</name>
         <value>0x477f</value>
         <object_component_ref idref="oc-12"/>
      </symbol>
      <symbol id="sm-6d0">
         <name>__TI_decompress_none</name>
         <value>0x4bf3</value>
         <object_component_ref idref="oc-18"/>
      </symbol>
      <symbol id="sm-6e7">
         <name>__TI_zero_init</name>
         <value>0x4c25</value>
         <object_component_ref idref="oc-1e"/>
      </symbol>
      <symbol id="sm-6f2">
         <name>_ctypes_</name>
         <value>0x4cb0</value>
         <object_component_ref idref="oc-20c"/>
      </symbol>
      <symbol id="sm-713">
         <name>C$$EXIT</name>
         <value>0x48f9</value>
         <object_component_ref idref="oc-87"/>
      </symbol>
      <symbol id="sm-714">
         <name>abort</name>
         <value>0x48fd</value>
         <object_component_ref idref="oc-87"/>
      </symbol>
      <symbol id="sm-715">
         <name>exit</name>
         <value>0x4905</value>
         <object_component_ref idref="oc-87"/>
      </symbol>
      <symbol id="sm-716">
         <name>__TI_dtors_ptr</name>
         <value>0x20000520</value>
         <object_component_ref idref="oc-1af"/>
      </symbol>
      <symbol id="sm-717">
         <name>__TI_cleanup_ptr</name>
         <value>0x2000051c</value>
         <object_component_ref idref="oc-1af"/>
      </symbol>
      <symbol id="sm-718">
         <name>__TI_enable_exit_profile_output</name>
         <value>0x20000524</value>
         <object_component_ref idref="oc-1af"/>
      </symbol>
      <symbol id="sm-724">
         <name>__aeabi_d2f</name>
         <value>0x4711</value>
         <object_component_ref idref="oc-2c8"/>
      </symbol>
      <symbol id="sm-733">
         <name>isdigit</name>
         <value>0x4bd5</value>
         <object_component_ref idref="oc-2bc"/>
      </symbol>
      <symbol id="sm-74e">
         <name>memcpy</name>
         <value>0x4505</value>
         <object_component_ref idref="oc-57"/>
      </symbol>
      <symbol id="sm-74f">
         <name>__aeabi_memcpy</name>
         <value>0x4505</value>
         <object_component_ref idref="oc-57"/>
      </symbol>
      <symbol id="sm-750">
         <name>__aeabi_memcpy8</name>
         <value>0x4505</value>
         <object_component_ref idref="oc-57"/>
      </symbol>
      <symbol id="sm-751">
         <name>__aeabi_memcpy4</name>
         <value>0x4505</value>
         <object_component_ref idref="oc-57"/>
      </symbol>
      <symbol id="sm-760">
         <name>__aeabi_memset</name>
         <value>0x4629</value>
         <object_component_ref idref="oc-63"/>
      </symbol>
      <symbol id="sm-761">
         <name>memset</name>
         <value>0x462f</value>
         <object_component_ref idref="oc-63"/>
      </symbol>
      <symbol id="sm-762">
         <name>__aeabi_memset8</name>
         <value>0x4629</value>
         <object_component_ref idref="oc-63"/>
      </symbol>
      <symbol id="sm-763">
         <name>__aeabi_memset4</name>
         <value>0x4629</value>
         <object_component_ref idref="oc-63"/>
      </symbol>
      <symbol id="sm-764">
         <name>__aeabi_memclr8</name>
         <value>0x4627</value>
         <object_component_ref idref="oc-63"/>
      </symbol>
      <symbol id="sm-765">
         <name>__aeabi_memclr4</name>
         <value>0x4627</value>
         <object_component_ref idref="oc-63"/>
      </symbol>
      <symbol id="sm-766">
         <name>__aeabi_memclr</name>
         <value>0x4627</value>
         <object_component_ref idref="oc-63"/>
      </symbol>
      <symbol id="sm-770">
         <name>__mpu_init</name>
         <value>0x47e7</value>
         <object_component_ref idref="oc-6f"/>
      </symbol>
      <symbol id="sm-77a">
         <name>_system_pre_init</name>
         <value>0x4ca9</value>
         <object_component_ref idref="oc-75"/>
      </symbol>
      <symbol id="sm-782">
         <name>main_func_sp</name>
         <value>0x20000534</value>
         <object_component_ref idref="oc-8d"/>
      </symbol>
      <symbol id="sm-7bf">
         <name>strtold</name>
         <value>0x36c1</value>
         <object_component_ref idref="oc-2d8"/>
      </symbol>
      <symbol id="sm-7c0">
         <name>strtod</name>
         <value>0x36c1</value>
         <object_component_ref idref="oc-2d8"/>
      </symbol>
      <symbol id="sm-7d9">
         <name>_nop</name>
         <value>0x4b87</value>
         <object_component_ref idref="oc-27a"/>
      </symbol>
      <symbol id="sm-7da">
         <name>_lock</name>
         <value>0x20000528</value>
         <object_component_ref idref="oc-1b2"/>
      </symbol>
      <symbol id="sm-7db">
         <name>_unlock</name>
         <value>0x2000052c</value>
         <object_component_ref idref="oc-1b2"/>
      </symbol>
      <symbol id="sm-7dc">
         <name>_register_lock</name>
         <value>0x4b7f</value>
         <object_component_ref idref="oc-27a"/>
      </symbol>
      <symbol id="sm-7dd">
         <name>_register_unlock</name>
         <value>0x4b79</value>
         <object_component_ref idref="oc-27a"/>
      </symbol>
      <symbol id="sm-7f1">
         <name>_args_main</name>
         <value>0x4b25</value>
         <object_component_ref idref="oc-81"/>
      </symbol>
      <symbol id="sm-81b">
         <name>__TI_auto_init</name>
         <value>0x46a1</value>
         <object_component_ref idref="oc-7b"/>
      </symbol>
      <symbol id="sm-835">
         <name>copy_in</name>
         <value>0x4999</value>
         <object_component_ref idref="oc-199"/>
      </symbol>
      <symbol id="sm-83d">
         <name>errno</name>
         <value>0x20000530</value>
         <object_component_ref idref="oc-2fc"/>
      </symbol>
      <symbol id="sm-854">
         <name>__aeabi_dsub</name>
         <value>0x3d1d</value>
         <object_component_ref idref="oc-2ea"/>
      </symbol>
      <symbol id="sm-855">
         <name>__aeabi_dadd</name>
         <value>0x3d27</value>
         <object_component_ref idref="oc-2ea"/>
      </symbol>
      <symbol id="sm-867">
         <name>__aeabi_cdcmpeq</name>
         <value>0x45a1</value>
         <object_component_ref idref="oc-2ef"/>
      </symbol>
      <symbol id="sm-868">
         <name>__aeabi_cdcmple</name>
         <value>0x45a1</value>
         <object_component_ref idref="oc-2ef"/>
      </symbol>
      <symbol id="sm-87c">
         <name>__aeabi_ddiv</name>
         <value>0x3ed3</value>
         <object_component_ref idref="oc-2f4"/>
      </symbol>
      <symbol id="sm-887">
         <name>__aeabi_dmul</name>
         <value>0x4251</value>
         <object_component_ref idref="oc-2e5"/>
      </symbol>
      <symbol id="sm-891">
         <name>_system_post_cinit</name>
         <value>0x4acb</value>
         <object_component_ref idref="oc-19f"/>
      </symbol>
      <symbol id="sm-892">
         <name>__TI_static_base__</name>
         <value>0x0</value>
      </symbol>
      <symbol id="sm-895">
         <name>SHT$$INIT_ARRAY$$Limit</name>
         <value>0x0</value>
      </symbol>
      <symbol id="sm-896">
         <name>SHT$$INIT_ARRAY$$Base</name>
         <value>0x0</value>
      </symbol>
   </symbol_table>
   <title>Link successful</title>
</link_info>
