******************************************************************************
                  TI ARM Linker Unix v16.9.1                   
******************************************************************************
>> Linked Thu Jul 27 16:44:21 2017

OUTPUT FILE NAME:   <SAM_subcontroller.out>
ENTRY POINT SYMBOL: "_c_int00"  address: 000048a5


MEMORY CONFIGURATION

         name            origin    length      used     unused   attr    fill
----------------------  --------  ---------  --------  --------  ----  --------
  FLASH                 00000000   00040000  00005090  0003af70  R  X
  SRAM                  20000000   00008000  00000538  00007ac8  RW X


SEGMENT ALLOCATION MAP

run origin  load origin   length   init length attrs members
----------  ----------- ---------- ----------- ----- -------
00000000    00000000    00005098   00005098    r-x
  00000000    00000000    0000026c   0000026c    r-- .intvecs
  0000026c    0000026c    00004a40   00004a40    r-x .text
  00004cb0    00004cb0    000003a4   000003a4    r-- .const
  00005058    00005058    00000040   00000040    r-- .cinit
20000000    20000000    00000538   00000000    rw-
  20000000    20000000    00000300   00000000    rw- .bss
  20000300    20000300    00000200   00000000    rw- .stack
  20000500    20000500    00000038   00000000    rw- .data


SECTION ALLOCATION MAP

 output                                  attributes/
section   page    origin      length       input sections
--------  ----  ----------  ----------   ----------------
.intvecs   0    00000000    0000026c     
                  00000000    0000026c     tm4c123gh6pm_startup_ccs.obj (.intvecs)

.text      0    0000026c    00004a40     
                  0000026c    00001ad4     mainSubController.obj (.text)
                  00001d40    00000ad4     myRS485.obj (.text)
                  00002814    000006f0     SAM.obj (.text)
                  00002f04    0000042c     mySerial.obj (.text)
                  00003330    00000390     numManipulate.obj (.text)
                  000036c0    0000023c     rtsv7M4_T_le_v4SPD16_eabi.lib : strtod.obj (.text)
                  000038fc    00000224     serial.obj (.text)
                  00003b20    000001fc     myTimer.obj (.text)
                  00003d1c    000001b6     rtsv7M4_T_le_v4SPD16_eabi.lib : fd_add_t2.obj (.text)
                  00003ed2    00000136                                   : fd_div_t2.obj (.text)
                  00004008    00000130     driverlib.lib : gpio.obj (.text:GPIOPadConfigSet)
                  00004138    00000118                   : sysctl.obj (.text:SysCtlClockGet)
                  00004250    000000fc     rtsv7M4_T_le_v4SPD16_eabi.lib : fd_mul_t2.obj (.text)
                  0000434c    000000f0     driverlib.lib : sysctl.obj (.text:SysCtlClockSet)
                  0000443c    000000c8     myIO.obj (.text)
                  00004504    0000009c     rtsv7M4_T_le_v4SPD16_eabi.lib : memcpy_t2.obj (.text)
                  000045a0    00000086                                   : fd_cmp_t2.obj (.text:__aeabi_cdcmple)
                  00004626    0000007a                                   : memset_t2.obj (.text)
                  000046a0    00000070                                   : autoinit.obj (.text)
                  00004710    0000006e                                   : fd_tos_t2.obj (.text)
                  0000477e    00000068                                   : copy_decompress_lzss.obj (.text:decompress:lzss)
                  000047e6    00000002                                   : mpu_init.obj (.text)
                  000047e8    00000060     driverlib.lib : interrupt.obj (.text:IntEnable)
                  00004848    0000005c                   : timer.obj (.text:TimerConfigure)
                  000048a4    00000054     rtsv7M4_T_le_v4SPD16_eabi.lib : boot.obj (.text)
                  000048f8    00000054                                   : exit.obj (.text)
                  0000494c    0000004c                                   : atoi.obj (.text)
                  00004998    0000004c                                   : cpy_tbl.obj (.text)
                  000049e4    00000048     driverlib.lib : gpio.obj (.text:GPIOPinConfigure)
                  00004a2c    00000040                   : uart.obj (.text:UARTConfigSetExpClk)
                  00004a6c    00000034                   : sysctl.obj (.text:SysCtlPeripheralEnable)
                  00004aa0    0000002a                   : gpio.obj (.text:GPIODirModeSet)
                  00004aca    00000002     rtsv7M4_T_le_v4SPD16_eabi.lib : startup.obj (.text)
                  00004acc    00000024     driverlib.lib : interrupt.obj (.text:IntPrioritySet)
                  00004af0    0000001c                   : uart.obj (.text:UARTDisable)
                  00004b0c    00000018                   : gpio.obj (.text:GPIOPinTypeGPIOOutput)
                  00004b24    00000018     rtsv7M4_T_le_v4SPD16_eabi.lib : args_main.obj (.text)
                  00004b3c    00000014     driverlib.lib : systick.obj (.text:SysTickEnable)
                  00004b50    00000014                   : systick.obj (.text:SysTickIntEnable)
                  00004b64    00000014                   : uart.obj (.text:UARTEnable)
                  00004b78    00000014     rtsv7M4_T_le_v4SPD16_eabi.lib : _lock.obj (.text)
                  00004b8c    00000012     driverlib.lib : gpio.obj (.text:GPIOPinTypeUART)
                  00004b9e    00000012                   : timer.obj (.text:TimerLoadSet)
                  00004bb0    00000012     rtsv7M4_T_le_v4SPD16_eabi.lib : atof.obj (.text)
                  00004bc2    00000002     --HOLE-- [fill = 0]
                  00004bc4    00000010     driverlib.lib : systick.obj (.text:SysTickPeriodSet)
                  00004bd4    00000010     rtsv7M4_T_le_v4SPD16_eabi.lib : isdigit.obj (.text)
                  00004be4    0000000e     driverlib.lib : timer.obj (.text:TimerEnable)
                  00004bf2    0000000e     rtsv7M4_T_le_v4SPD16_eabi.lib : copy_decompress_none.obj (.text:decompress:none)
                  00004c00    0000000c     driverlib.lib : cpu.obj (.text:CPUcpsie)
                  00004c0c    0000000c                   : uart.obj (.text:UARTCharsAvail)
                  00004c18    0000000c                   : uart.obj (.text:UARTTxIntModeSet)
                  00004c24    0000000c     rtsv7M4_T_le_v4SPD16_eabi.lib : copy_zero_init.obj (.text:decompress:ZI)
                  00004c30    0000000c     tm4c123gh6pm_startup_ccs.obj (.text)
                  00004c3c    0000000a     driverlib.lib : interrupt.obj (.text:IntMasterEnable)
                  00004c46    0000000a                   : timer.obj (.text:TimerValueGet)
                  00004c50    0000000a                   : uart.obj (.text:UARTCharGet)
                  00004c5a    0000000a                   : uart.obj (.text:UARTCharPut)
                  00004c64    0000000a                   : uart.obj (.text:UARTFIFOEnable)
                  00004c6e    0000000a                   : uart.obj (.text:UARTIntStatus)
                  00004c78    00000008                   : timer.obj (.text:TimerIntEnable)
                  00004c80    00000008                   : uart.obj (.text:UARTIntEnable)
                  00004c88    00000006                   : gpio.obj (.text:GPIOPinRead)
                  00004c8e    00000006                   : gpio.obj (.text:GPIOPinWrite)
                  00004c94    00000006                   : sysctl.obj (.text:SysCtlDelay)
                  00004c9a    00000006                   : uart.obj (.text:UARTFIFOLevelSet)
                  00004ca0    00000004                   : timer.obj (.text:TimerIntClear)
                  00004ca4    00000004                   : uart.obj (.text:UARTIntClear)
                  00004ca8    00000004     rtsv7M4_T_le_v4SPD16_eabi.lib : pre_init.obj (.text)

.const     0    00004cb0    000003a4     
                  00004cb0    00000101     rtsv7M4_T_le_v4SPD16_eabi.lib : ctype.obj (.const:.string:_ctypes_)
                  00004db1    00000003     --HOLE-- [fill = 0]
                  00004db4    0000009c     driverlib.lib : interrupt.obj (.const:g_pui32Regs)
                  00004e50    00000098     rtsv7M4_T_le_v4SPD16_eabi.lib : strtod.obj (.const:$O1$$)
                  00004ee8    00000090     driverlib.lib : gpio.obj (.const:g_pui32GPIOBaseAddrs)
                  00004f78    00000070                   : interrupt.obj (.const)
                  00004fe8    0000006c                   : sysctl.obj (.const:g_pui32Xtals)

.cinit     0    00005058    00000040     
                  00005058    00000015     (.cinit..data.load) [load image, compression = lzss]
                  0000506d    00000003     --HOLE-- [fill = 0]
                  00005070    0000000c     (__TI_handler_table)
                  0000507c    00000004     --HOLE-- [fill = 0]
                  00005080    00000008     (.cinit..bss.load) [load image, compression = zero_init]
                  00005088    00000010     (__TI_cinit_table)

.init_array 
*          0    00000000    00000000     UNINITIALIZED

.bss       0    20000000    00000300     UNINITIALIZED
                  20000000    000000cc     (.common:serialPC)
                  200000cc    00000098     (.common:dataSendBuffer)
                  20000164    00000060     (.common:samAverageTorq)
                  200001c4    00000060     (.common:samPosition12)
                  20000224    00000029     (.common:Uart)
                  2000024d    00000018     (.common:samD)
                  20000265    00000018     (.common:samDataAvail)
                  2000027d    00000018     (.common:samI)
                  20000295    00000018     (.common:samLoad8)
                  200002ad    00000018     (.common:samP)
                  200002c5    00000018     (.common:samPosition8)
                  200002dd    00000001     (.common:FlagTimer)
                  200002de    00000001     (.common:samReadBusy)
                  200002df    00000001     (.common:samReadCurrentID_C1)
                  200002e0    00000010     (.common:sam1)
                  200002f0    00000006     (.common:SysTick_Int_Count)
                  200002f6    00000004     (.common:toggle_led)
                  200002fa    00000001     (.common:samReadCurrentID_C2)
                  200002fb    00000001     (.common:samReadCurrentID_C3)
                  200002fc    00000001     (.common:samReadCurrentID_C4)
                  200002fd    00000001     (.common:samReadCurrentID_C6)
                  200002fe    00000001     (.common:samReadCurrentID_C7)
                  200002ff    00000001     (.common:samReadMode)

.data      0    20000500    00000038     UNINITIALIZED
                  20000500    0000001a     myTimer.obj (.data)
                  2000051a    00000001     mainSubController.obj (.data)
                  2000051b    00000001     --HOLE--
                  2000051c    0000000c     rtsv7M4_T_le_v4SPD16_eabi.lib : exit.obj (.data:$O1$$)
                  20000528    00000008                                   : _lock.obj (.data:$O1$$)
                  20000530    00000004                                   : errno.obj (.data)
                  20000534    00000004                                   : stkdepth_vars.obj (.data)

.stack     0    20000300    00000200     UNINITIALIZED
                  20000300    00000200     --HOLE--

MODULE SUMMARY

       Module                         code    ro data   rw data
       ------                         ----    -------   -------
    ./
       mainSubController.obj          6868    0         2      
       myRS485.obj                    2772    0         0      
       SAM.obj                        1776    0         360    
       mySerial.obj                   1068    0         356    
       numManipulate.obj              912     0         0      
       tm4c123gh6pm_startup_ccs.obj   12      620       0      
       serial.obj                     548     0         41     
       myTimer.obj                    508     0         32     
       myIO.obj                       200     0         4      
    +--+------------------------------+-------+---------+---------+
       Total:                         14664   620       795    
                                                               
    /opt/ti/TivaWare_C_Series-2.1.0.12573/driverlib/ccs/Debug/driverlib.lib
       sysctl.obj                     578     108       0      
       gpio.obj                       472     144       0      
       interrupt.obj                  142     268       0      
       uart.obj                       194     0         0      
       timer.obj                      146     0         0      
       systick.obj                    56      0         0      
       cpu.obj                        12      0         0      
    +--+------------------------------+-------+---------+---------+
       Total:                         1600    520       0      
                                                               
    /opt/ti/ccs710/ccsv7/tools/compiler/ti-cgt-arm_16.9.1.LTS/lib/rtsv7M4_T_le_v4SPD16_eabi.lib
       strtod.obj                     572     152       0      
       fd_add_t2.obj                  438     0         0      
       fd_div_t2.obj                  310     0         0      
       ctype.obj                      0       257       0      
       fd_mul_t2.obj                  252     0         0      
       memcpy_t2.obj                  156     0         0      
       fd_cmp_t2.obj                  134     0         0      
       memset_t2.obj                  122     0         0      
       autoinit.obj                   112     0         0      
       fd_tos_t2.obj                  110     0         0      
       copy_decompress_lzss.obj       104     0         0      
       exit.obj                       84      0         12     
       boot.obj                       84      0         0      
       atoi.obj                       76      0         0      
       cpy_tbl.obj                    76      0         0      
       _lock.obj                      20      0         8      
       args_main.obj                  24      0         0      
       atof.obj                       18      0         0      
       isdigit.obj                    16      0         0      
       copy_decompress_none.obj       14      0         0      
       copy_zero_init.obj             12      0         0      
       errno.obj                      0       0         4      
       pre_init.obj                   4       0         0      
       stkdepth_vars.obj              0       0         4      
       mpu_init.obj                   2       0         0      
       startup.obj                    2       0         0      
    +--+------------------------------+-------+---------+---------+
       Total:                         2742    409       28     
                                                               
       Stack:                         0       0         512    
       Linker Generated:              0       57        0      
    +--+------------------------------+-------+---------+---------+
       Grand Total:                   19006   1606      1335   


LINKER GENERATED COPY TABLES

__TI_cinit_table @ 00005088 records: 2, size/record: 8, table size: 16
	.data: load addr=00005058, load size=00000015 bytes, run addr=20000500, run size=00000038 bytes, compression=lzss
	.bss: load addr=00005080, load size=00000008 bytes, run addr=20000000, run size=00000300 bytes, compression=zero_init


LINKER GENERATED HANDLER TABLE

__TI_handler_table @ 00005070 records: 3, size/record: 4, table size: 12
	index: 0, handler: __TI_decompress_lzss
	index: 1, handler: __TI_decompress_none
	index: 2, handler: __TI_zero_init


GLOBAL SYMBOLS: SORTED ALPHABETICALLY BY Name 

address   name                           
-------   ----                           
000048f9  C$$EXIT                        
00004c01  CPUcpsie                       
200002dd  FlagTimer                      
00004aa1  GPIODirModeSet                 
00004009  GPIOPadConfigSet               
000049e5  GPIOPinConfigure               
00004c89  GPIOPinRead                    
00004b0d  GPIOPinTypeGPIOOutput          
00004b8d  GPIOPinTypeUART                
00004c8f  GPIOPinWrite                   
000047e9  IntEnable                      
00004c3d  IntMasterEnable                
00004acd  IntPrioritySet                 
00003331  Map_y                          
0000208d  RS485_1_Init                   
00002265  RS485_2_Init                   
0000260f  RS485_3_Init                   
00002421  RS485_4_Init                   
00001ed7  RS485_6_Init                   
00001d41  RS485_7_Init                   
00004c31  ResetISR                       
0000445f  SAM_Power_enable               
00002cc5  SAM_get_I                      
00002c4f  SAM_get_PD                     
00002a8d  SAM_get_avergTorque            
00002d39  SAM_get_jointAngle12bit        
00002e23  SAM_get_jointAngle8bit         
00002815  SAM_init                       
00002817  SAM_send_bytes                 
00002be1  SAM_set_I_Runtime              
00002b69  SAM_set_PD_Runtime             
00002af3  SAM_set_PD_RuntimeQuick        
00002a1f  SAM_set_avergTorque            
00002da5  SAM_set_jointAngle12bit        
00002e67  SAM_set_jointAngle8bit         
00002ec1  SAM_set_passiveMode            
UNDEFED   SHT$$INIT_ARRAY$$Base          
UNDEFED   SHT$$INIT_ARRAY$$Limit         
00003ab1  SerialGetStr                   
00003a25  SerialPutChar                  
000039ed  SerialPutData                  
00003a39  SerialPutStr                   
00003a61  SerialPutStrLn                 
00003a91  SerialPutStr_NonTer            
00003099  SerialSendData                 
0000311f  SerialSend_1_AverageTorq       
000030c1  SerialSend_1_Position12        
0000319b  SerialSend_1_Position8         
00003227  SerialSend_All_Position        
00003279  SerialSend_PID                 
00003af1  SerialTerminator               
20000519  SycTick_Int_Count              
00003b3b  SycTick_Interrupt_Handler      
00004139  SysCtlClockGet                 
0000434d  SysCtlClockSet                 
00004c95  SysCtlDelay                    
00004a6d  SysCtlPeripheralEnable         
00004b3d  SysTickEnable                  
00004b51  SysTickIntEnable               
00004bc5  SysTickPeriodSet               
00003b21  SysTick_Init                   
200002f0  SysTick_Int_Count              
00003ca3  Timer0_Interrupt_Handler       
00003c61  Timer0_init                    
00003c2f  Timer1_Interrupt_Handler       
00003c55  Timer1_Reset                   
00003be7  Timer1_init                    
00004849  TimerConfigure                 
00004be5  TimerEnable                    
00004ca1  TimerIntClear                  
00004c79  TimerIntEnable                 
00004b9f  TimerLoadSet                   
00004c47  TimerValueGet                  
00003997  UART0_Init                     
0000393d  UART0_Interrupt_Handler        
0000214d  UART1_Interrupt_Handler        
00002f05  UART2_Init                     
00002305  UART2_Interrupt_Handler        
000026b1  UART3_Interrupt_Handler        
000024f5  UART4_Interrupt_Handler        
00002f6b  UART5_Init                     
00002fc3  UART5_Interrupt_Handler        
00001f53  UART6_Interrupt_Handler        
00001dbd  UART7_Interrupt_Handler        
00004c51  UARTCharGet                    
00004c5b  UARTCharPut                    
00004c0d  UARTCharsAvail                 
00004a2d  UARTConfigSetExpClk            
00004af1  UARTDisable                    
00004b65  UARTEnable                     
00004c65  UARTFIFOEnable                 
00004c9b  UARTFIFOLevelSet               
00004ca5  UARTIntClear                   
00004c81  UARTIntEnable                  
00004c6f  UARTIntStatus                  
00004c19  UARTTxIntModeSet               
20000224  Uart                           
20000500  __STACK_END                    
00000200  __STACK_SIZE                   
20000500  __STACK_TOP                    
00005088  __TI_CINIT_Base                
00005098  __TI_CINIT_Limit               
00005070  __TI_Handler_Table_Base        
0000507c  __TI_Handler_Table_Limit       
000046a1  __TI_auto_init                 
2000051c  __TI_cleanup_ptr               
0000477f  __TI_decompress_lzss           
00004bf3  __TI_decompress_none           
20000520  __TI_dtors_ptr                 
20000524  __TI_enable_exit_profile_output
ffffffff  __TI_pprof_out_hndl            
ffffffff  __TI_prof_data_size            
ffffffff  __TI_prof_data_start           
00000000  __TI_static_base__             
00004c25  __TI_zero_init                 
000045a1  __aeabi_cdcmpeq                
000045a1  __aeabi_cdcmple                
00004711  __aeabi_d2f                    
00003d27  __aeabi_dadd                   
00003ed3  __aeabi_ddiv                   
00004251  __aeabi_dmul                   
00003d1d  __aeabi_dsub                   
00004627  __aeabi_memclr                 
00004627  __aeabi_memclr4                
00004627  __aeabi_memclr8                
00004505  __aeabi_memcpy                 
00004505  __aeabi_memcpy4                
00004505  __aeabi_memcpy8                
00004629  __aeabi_memset                 
00004629  __aeabi_memset4                
00004629  __aeabi_memset8                
ffffffff  __binit__                      
ffffffff  __c_args__                     
000047e7  __mpu_init                     
20000300  __stack                        
00004b25  _args_main                     
000048a5  _c_int00                       
00004cb0  _ctypes_                       
20000528  _lock                          
00004b87  _nop                           
00004b7f  _register_lock                 
00004b79  _register_unlock               
00004acb  _system_post_cinit             
00004ca9  _system_pre_init               
2000052c  _unlock                        
000048fd  abort                          
00004bb1  atof                           
0000494d  atoi                           
ffffffff  binit                          
000044e1  button                         
0000034d  communication                  
00004999  copy_in                        
200000cc  dataSendBuffer                 
00001c51  display_com                    
2000051a  display_mode                   
20000530  errno                          
00004905  exit                           
00003385  float2str                      
00000000  g_pfnVectors                   
00003cc1  getMicroSecond                 
00003557  int2num                        
00004bd5  isdigit                        
00004489  led                            
0000026d  main                           
20000534  main_func_sp                   
00004505  memcpy                         
0000462f  memset                         
0000443d  myIO_init                      
20000504  preMicroSecond_angle           
20000510  preMicroSecond_camera          
20000508  preMicroSecond_position        
2000050c  preMicroSecond_sonar           
20000518  safe_flag                      
200002e0  sam1                           
20000164  samAverageTorq                 
2000024d  samD                           
20000265  samDataAvail                   
2000027d  samI                           
20000295  samLoad8                       
200002ad  samP                           
200001c4  samPosition12                  
200002c5  samPosition8                   
200002de  samReadBusy                    
200002df  samReadCurrentID_C1            
200002fa  samReadCurrentID_C2            
200002fb  samReadCurrentID_C3            
200002fc  samReadCurrentID_C4            
200002fd  samReadCurrentID_C6            
200002fe  samReadCurrentID_C7            
200002ff  samReadMode                    
20000514  sampling_time_second           
20000500  seconds                        
00003077  serialGetData                  
20000000  serialPC                       
00003655  set_float_value                
0000368f  set_int_value                  
000038fd  set_position                   
000036c1  strtod                         
000036c1  strtold                        
00000309  task_100Hz                     
000002f3  task_20Hz                      
0000031f  task_50Hz                      
200002f6  toggle_led                     


GLOBAL SYMBOLS: SORTED BY Symbol Address 

address   name                           
-------   ----                           
00000000  __TI_static_base__             
00000000  g_pfnVectors                   
00000200  __STACK_SIZE                   
0000026d  main                           
000002f3  task_20Hz                      
00000309  task_100Hz                     
0000031f  task_50Hz                      
0000034d  communication                  
00001c51  display_com                    
00001d41  RS485_7_Init                   
00001dbd  UART7_Interrupt_Handler        
00001ed7  RS485_6_Init                   
00001f53  UART6_Interrupt_Handler        
0000208d  RS485_1_Init                   
0000214d  UART1_Interrupt_Handler        
00002265  RS485_2_Init                   
00002305  UART2_Interrupt_Handler        
00002421  RS485_4_Init                   
000024f5  UART4_Interrupt_Handler        
0000260f  RS485_3_Init                   
000026b1  UART3_Interrupt_Handler        
00002815  SAM_init                       
00002817  SAM_send_bytes                 
00002a1f  SAM_set_avergTorque            
00002a8d  SAM_get_avergTorque            
00002af3  SAM_set_PD_RuntimeQuick        
00002b69  SAM_set_PD_Runtime             
00002be1  SAM_set_I_Runtime              
00002c4f  SAM_get_PD                     
00002cc5  SAM_get_I                      
00002d39  SAM_get_jointAngle12bit        
00002da5  SAM_set_jointAngle12bit        
00002e23  SAM_get_jointAngle8bit         
00002e67  SAM_set_jointAngle8bit         
00002ec1  SAM_set_passiveMode            
00002f05  UART2_Init                     
00002f6b  UART5_Init                     
00002fc3  UART5_Interrupt_Handler        
00003077  serialGetData                  
00003099  SerialSendData                 
000030c1  SerialSend_1_Position12        
0000311f  SerialSend_1_AverageTorq       
0000319b  SerialSend_1_Position8         
00003227  SerialSend_All_Position        
00003279  SerialSend_PID                 
00003331  Map_y                          
00003385  float2str                      
00003557  int2num                        
00003655  set_float_value                
0000368f  set_int_value                  
000036c1  strtod                         
000036c1  strtold                        
000038fd  set_position                   
0000393d  UART0_Interrupt_Handler        
00003997  UART0_Init                     
000039ed  SerialPutData                  
00003a25  SerialPutChar                  
00003a39  SerialPutStr                   
00003a61  SerialPutStrLn                 
00003a91  SerialPutStr_NonTer            
00003ab1  SerialGetStr                   
00003af1  SerialTerminator               
00003b21  SysTick_Init                   
00003b3b  SycTick_Interrupt_Handler      
00003be7  Timer1_init                    
00003c2f  Timer1_Interrupt_Handler       
00003c55  Timer1_Reset                   
00003c61  Timer0_init                    
00003ca3  Timer0_Interrupt_Handler       
00003cc1  getMicroSecond                 
00003d1d  __aeabi_dsub                   
00003d27  __aeabi_dadd                   
00003ed3  __aeabi_ddiv                   
00004009  GPIOPadConfigSet               
00004139  SysCtlClockGet                 
00004251  __aeabi_dmul                   
0000434d  SysCtlClockSet                 
0000443d  myIO_init                      
0000445f  SAM_Power_enable               
00004489  led                            
000044e1  button                         
00004505  __aeabi_memcpy                 
00004505  __aeabi_memcpy4                
00004505  __aeabi_memcpy8                
00004505  memcpy                         
000045a1  __aeabi_cdcmpeq                
000045a1  __aeabi_cdcmple                
00004627  __aeabi_memclr                 
00004627  __aeabi_memclr4                
00004627  __aeabi_memclr8                
00004629  __aeabi_memset                 
00004629  __aeabi_memset4                
00004629  __aeabi_memset8                
0000462f  memset                         
000046a1  __TI_auto_init                 
00004711  __aeabi_d2f                    
0000477f  __TI_decompress_lzss           
000047e7  __mpu_init                     
000047e9  IntEnable                      
00004849  TimerConfigure                 
000048a5  _c_int00                       
000048f9  C$$EXIT                        
000048fd  abort                          
00004905  exit                           
0000494d  atoi                           
00004999  copy_in                        
000049e5  GPIOPinConfigure               
00004a2d  UARTConfigSetExpClk            
00004a6d  SysCtlPeripheralEnable         
00004aa1  GPIODirModeSet                 
00004acb  _system_post_cinit             
00004acd  IntPrioritySet                 
00004af1  UARTDisable                    
00004b0d  GPIOPinTypeGPIOOutput          
00004b25  _args_main                     
00004b3d  SysTickEnable                  
00004b51  SysTickIntEnable               
00004b65  UARTEnable                     
00004b79  _register_unlock               
00004b7f  _register_lock                 
00004b87  _nop                           
00004b8d  GPIOPinTypeUART                
00004b9f  TimerLoadSet                   
00004bb1  atof                           
00004bc5  SysTickPeriodSet               
00004bd5  isdigit                        
00004be5  TimerEnable                    
00004bf3  __TI_decompress_none           
00004c01  CPUcpsie                       
00004c0d  UARTCharsAvail                 
00004c19  UARTTxIntModeSet               
00004c25  __TI_zero_init                 
00004c31  ResetISR                       
00004c3d  IntMasterEnable                
00004c47  TimerValueGet                  
00004c51  UARTCharGet                    
00004c5b  UARTCharPut                    
00004c65  UARTFIFOEnable                 
00004c6f  UARTIntStatus                  
00004c79  TimerIntEnable                 
00004c81  UARTIntEnable                  
00004c89  GPIOPinRead                    
00004c8f  GPIOPinWrite                   
00004c95  SysCtlDelay                    
00004c9b  UARTFIFOLevelSet               
00004ca1  TimerIntClear                  
00004ca5  UARTIntClear                   
00004ca9  _system_pre_init               
00004cb0  _ctypes_                       
00005070  __TI_Handler_Table_Base        
0000507c  __TI_Handler_Table_Limit       
00005088  __TI_CINIT_Base                
00005098  __TI_CINIT_Limit               
20000000  serialPC                       
200000cc  dataSendBuffer                 
20000164  samAverageTorq                 
200001c4  samPosition12                  
20000224  Uart                           
2000024d  samD                           
20000265  samDataAvail                   
2000027d  samI                           
20000295  samLoad8                       
200002ad  samP                           
200002c5  samPosition8                   
200002dd  FlagTimer                      
200002de  samReadBusy                    
200002df  samReadCurrentID_C1            
200002e0  sam1                           
200002f0  SysTick_Int_Count              
200002f6  toggle_led                     
200002fa  samReadCurrentID_C2            
200002fb  samReadCurrentID_C3            
200002fc  samReadCurrentID_C4            
200002fd  samReadCurrentID_C6            
200002fe  samReadCurrentID_C7            
200002ff  samReadMode                    
20000300  __stack                        
20000500  __STACK_END                    
20000500  __STACK_TOP                    
20000500  seconds                        
20000504  preMicroSecond_angle           
20000508  preMicroSecond_position        
2000050c  preMicroSecond_sonar           
20000510  preMicroSecond_camera          
20000514  sampling_time_second           
20000518  safe_flag                      
20000519  SycTick_Int_Count              
2000051a  display_mode                   
2000051c  __TI_cleanup_ptr               
20000520  __TI_dtors_ptr                 
20000524  __TI_enable_exit_profile_output
20000528  _lock                          
2000052c  _unlock                        
20000530  errno                          
20000534  main_func_sp                   
ffffffff  __TI_pprof_out_hndl            
ffffffff  __TI_prof_data_size            
ffffffff  __TI_prof_data_start           
ffffffff  __binit__                      
ffffffff  __c_args__                     
ffffffff  binit                          
UNDEFED   SHT$$INIT_ARRAY$$Base          
UNDEFED   SHT$$INIT_ARRAY$$Limit         

[203 symbols]
